[    0.000000] Initializing cgroup subsys cpuset
[    0.000000] Initializing cgroup subsys cpu
[    0.000000] Initializing cgroup subsys cpuacct
[    0.000000] Linux version 4.4.0-109-generic (buildd@lgw01-amd64-038) (gcc version 5.4.0 20160609 (Ubuntu 5.4.0-6ubuntu1~16.04.5) ) #132-Ubuntu SMP Tue Jan 9 19:52:39 UTC 2018 (Ubuntu 4.4.0-109.132-generic 4.4.98)
[    0.000000] Command line: BOOT_IMAGE=/boot/vmlinuz-4.4.0-109-generic root=LABEL=cloudimg-rootfs ro console=tty1 console=ttyS0
[    0.000000] KERNEL supported cpus:
[    0.000000]   Intel GenuineIntel
[    0.000000]   AMD AuthenticAMD
[    0.000000]   Centaur CentaurHauls
[    0.000000] x86/fpu: xstate_offset[2]:  576, xstate_sizes[2]:  256
[    0.000000] x86/fpu: Supporting XSAVE feature 0x01: 'x87 floating point registers'
[    0.000000] x86/fpu: Supporting XSAVE feature 0x02: 'SSE registers'
[    0.000000] x86/fpu: Supporting XSAVE feature 0x04: 'AVX registers'
[    0.000000] x86/fpu: Enabled xstate features 0x7, context size is 832 bytes, using 'standard' format.
[    0.000000] x86/fpu: Using 'lazy' FPU context switches.
[    0.000000] e820: BIOS-provided physical RAM map:
[    0.000000] BIOS-e820: [mem 0x0000000000000000-0x000000000009fbff] usable
[    0.000000] BIOS-e820: [mem 0x000000000009fc00-0x000000000009ffff] reserved
[    0.000000] BIOS-e820: [mem 0x00000000000f0000-0x00000000000fffff] reserved
[    0.000000] BIOS-e820: [mem 0x0000000000100000-0x000000007ffeffff] usable
[    0.000000] BIOS-e820: [mem 0x000000007fff0000-0x000000007fffffff] ACPI data
[    0.000000] BIOS-e820: [mem 0x00000000fec00000-0x00000000fec00fff] reserved
[    0.000000] BIOS-e820: [mem 0x00000000fee00000-0x00000000fee00fff] reserved
[    0.000000] BIOS-e820: [mem 0x00000000fffc0000-0x00000000ffffffff] reserved
[    0.000000] NX (Execute Disable) protection: active
[    0.000000] SMBIOS 2.5 present.
[    0.000000] Hypervisor detected: KVM
[    0.000000] e820: last_pfn = 0x7fff0 max_arch_pfn = 0x400000000
[    0.000000] MTRR: Disabled
[    0.000000] x86/PAT: MTRRs disabled, skipping PAT initialization too.
[    0.000000] CPU MTRRs all blank - virtualized system.
[    0.000000] x86/PAT: Configuration [0-7]: WB  WT  UC- UC  WB  WT  UC- UC  
[    0.000000] found SMP MP-table at [mem 0x0009fff0-0x0009ffff] mapped at [ffff88000009fff0]
[    0.000000] Scanning 1 areas for low memory corruption
[    0.000000] RAMDISK: [mem 0x36adc000-0x37565fff]
[    0.000000] ACPI: Early table checksum verification disabled
[    0.000000] ACPI: RSDP 0x00000000000E0000 000024 (v02 VBOX  )
[    0.000000] ACPI: XSDT 0x000000007FFF0030 00003C (v01 VBOX   VBOXXSDT 00000001 ASL  00000061)
[    0.000000] ACPI: FACP 0x000000007FFF00F0 0000F4 (v04 VBOX   VBOXFACP 00000001 ASL  00000061)
[    0.000000] ACPI: DSDT 0x000000007FFF0470 0021FF (v02 VBOX   VBOXBIOS 00000002 INTL 20100528)
[    0.000000] ACPI: FACS 0x000000007FFF0200 000040
[    0.000000] ACPI: FACS 0x000000007FFF0200 000040
[    0.000000] ACPI: APIC 0x000000007FFF0240 00005C (v02 VBOX   VBOXAPIC 00000001 ASL  00000061)
[    0.000000] ACPI: SSDT 0x000000007FFF02A0 0001CC (v01 VBOX   VBOXCPUT 00000002 INTL 20100528)
[    0.000000] No NUMA configuration found
[    0.000000] Faking a node at [mem 0x0000000000000000-0x000000007ffeffff]
[    0.000000] NODE_DATA(0) allocated [mem 0x7ffeb000-0x7ffeffff]
[    0.000000] kvm-clock: Using msrs 4b564d01 and 4b564d00
[    0.000000] kvm-clock: cpu 0, msr 0:7ffe3001, primary cpu clock
[    0.000000] kvm-clock: using sched offset of 3291962232 cycles
[    0.000000] clocksource: kvm-clock: mask: 0xffffffffffffffff max_cycles: 0x1cd42e4dffb, max_idle_ns: 881590591483 ns
[    0.000000] Zone ranges:
[    0.000000]   DMA      [mem 0x0000000000001000-0x0000000000ffffff]
[    0.000000]   DMA32    [mem 0x0000000001000000-0x000000007ffeffff]
[    0.000000]   Normal   empty
[    0.000000]   Device   empty
[    0.000000] Movable zone start for each node
[    0.000000] Early memory node ranges
[    0.000000]   node   0: [mem 0x0000000000001000-0x000000000009efff]
[    0.000000]   node   0: [mem 0x0000000000100000-0x000000007ffeffff]
[    0.000000] Initmem setup node 0 [mem 0x0000000000001000-0x000000007ffeffff]
[    0.000000] ACPI: PM-Timer IO Port: 0x4008
[    0.000000] IOAPIC[0]: apic_id 2, version 32, address 0xfec00000, GSI 0-23
[    0.000000] ACPI: INT_SRC_OVR (bus 0 bus_irq 0 global_irq 2 dfl dfl)
[    0.000000] ACPI: INT_SRC_OVR (bus 0 bus_irq 9 global_irq 9 high level)
[    0.000000] Using ACPI (MADT) for SMP configuration information
[    0.000000] smpboot: Allowing 2 CPUs, 0 hotplug CPUs
[    0.000000] PM: Registered nosave memory: [mem 0x00000000-0x00000fff]
[    0.000000] PM: Registered nosave memory: [mem 0x0009f000-0x0009ffff]
[    0.000000] PM: Registered nosave memory: [mem 0x000a0000-0x000effff]
[    0.000000] PM: Registered nosave memory: [mem 0x000f0000-0x000fffff]
[    0.000000] e820: [mem 0x80000000-0xfebfffff] available for PCI devices
[    0.000000] Booting paravirtualized kernel on KVM
[    0.000000] clocksource: refined-jiffies: mask: 0xffffffff max_cycles: 0xffffffff, max_idle_ns: 7645519600211568 ns
[    0.000000] setup_percpu: NR_CPUS:512 nr_cpumask_bits:512 nr_cpu_ids:2 nr_node_ids:1
[    0.000000] PERCPU: Embedded 34 pages/cpu @ffff88007fc00000 s99544 r8192 d31528 u1048576
[    0.000000] PV qspinlock hash table entries: 256 (order: 0, 4096 bytes)
[    0.000000] Built 1 zonelists in Node order, mobility grouping on.  Total pages: 515961
[    0.000000] Policy zone: DMA32
[    0.000000] Kernel command line: BOOT_IMAGE=/boot/vmlinuz-4.4.0-109-generic root=LABEL=cloudimg-rootfs ro console=tty1 console=ttyS0
[    0.000000] PID hash table entries: 4096 (order: 3, 32768 bytes)
[    0.000000] Memory: 2033932K/2096696K available (8485K kernel code, 1308K rwdata, 3988K rodata, 1508K init, 1316K bss, 62764K reserved, 0K cma-reserved)
[    0.000000] SLUB: HWalign=64, Order=0-3, MinObjects=0, CPUs=2, Nodes=1
[    0.000000] Kernel/User page tables isolation: enabled
[    0.000000] Hierarchical RCU implementation.
[    0.000000] 	Build-time adjustment of leaf fanout to 64.
[    0.000000] 	RCU restricting CPUs from NR_CPUS=512 to nr_cpu_ids=2.
[    0.000000] RCU: Adjusting geometry for rcu_fanout_leaf=64, nr_cpu_ids=2
[    0.000000] NR_IRQS:33024 nr_irqs:440 16
[    0.000000] Console: colour VGA+ 80x25
[    0.000000] console [tty1] enabled
[    0.000000] console [ttyS0] enabled
[    0.000000] tsc: Detected 2294.770 MHz processor
[    3.574215] Calibrating delay loop (skipped) preset value.. 4589.54 BogoMIPS (lpj=9179080)
[    3.649926] pid_max: default: 32768 minimum: 301
[    3.674303] ACPI: Core revision 20150930
[    3.681693] ACPI: 2 ACPI AML tables successfully acquired and loaded
[    3.713505] Security Framework initialized
[    3.750557] Yama: becoming mindful.
[    3.771695] AppArmor: AppArmor initialized
[    3.848177] Dentry cache hash table entries: 262144 (order: 9, 2097152 bytes)
[    3.914856] Inode-cache hash table entries: 131072 (order: 8, 1048576 bytes)
[    3.982974] Mount-cache hash table entries: 4096 (order: 3, 32768 bytes)
[    4.048443] Mountpoint-cache hash table entries: 4096 (order: 3, 32768 bytes)
[    4.062360] Initializing cgroup subsys io
[    4.114204] Initializing cgroup subsys memory
[    4.141077] Initializing cgroup subsys devices
[    4.222711] Initializing cgroup subsys freezer
[    4.254293] Initializing cgroup subsys net_cls
[    4.260786] Initializing cgroup subsys perf_event
[    4.270430] Initializing cgroup subsys net_prio
[    4.279439] Initializing cgroup subsys hugetlb
[    4.294211] Initializing cgroup subsys pids
[    4.304482] CPU: Physical Processor ID: 0
[    4.322135] CPU: Processor Core ID: 0
[    4.372056] mce: CPU supports 0 MCE banks
[    4.442809] Last level iTLB entries: 4KB 512, 2MB 8, 4MB 8
[    4.447416] Last level dTLB entries: 4KB 512, 2MB 32, 4MB 32, 1GB 0
[    4.456537] Freeing SMP alternatives memory: 32K
[    4.472886] ftrace: allocating 32171 entries in 126 pages
[    4.537736] smpboot: APIC(0) Converting physical 0 to logical package 0
[    4.572027] smpboot: Max logical packages: 1
[    4.603618] x2apic enabled
[    4.664396] Switched APIC routing to physical x2apic.
[    4.694378] ..TIMER: vector=0x30 apic1=0 pin1=2 apic2=-1 pin2=-1
[    4.885848] smpboot: CPU0: Intel(R) Core(TM) i7-3615QM CPU @ 2.30GHz (family: 0x6, model: 0x3a, stepping: 0x9)
[    4.958927] Performance Events: unsupported p6 CPU model 58 no PMU driver, software events only.
[    5.068162] KVM setup paravirtual spinlock
[    5.094911] x86: Booting SMP configuration:
[    5.101411] .... node  #0, CPUs:      #1
[    5.171408] kvm-clock: cpu 1, msr 0:7ffe3041, secondary cpu clock
[    5.212636] mce: CPU supports 0 MCE banks
[    5.215243] x86: Booted up 1 node, 2 CPUs
[    5.228572] smpboot: Total of 2 processors activated (9179.08 BogoMIPS)
[    5.237234] devtmpfs: initialized
[    5.287686] evm: security.selinux
[    5.330854] evm: security.SMACK64
[    5.420118] evm: security.SMACK64EXEC
[    5.502287] evm: security.SMACK64TRANSMUTE
[    5.578327] evm: security.SMACK64MMAP
[    5.595286] evm: security.ima
[    5.596371] evm: security.capability
[    5.605067] clocksource: jiffies: mask: 0xffffffff max_cycles: 0xffffffff, max_idle_ns: 7645041785100000 ns
[    5.655080] futex hash table entries: 512 (order: 3, 32768 bytes)
[    5.728316] pinctrl core: initialized pinctrl subsystem
[    5.861521] RTC time:  4:41:32, date: 01/22/18
[    5.947859] NET: Registered protocol family 16
[    5.994849] cpuidle: using governor ladder
[    6.014457] cpuidle: using governor menu
[    6.106761] PCCT header not found.
[    6.151747] ACPI: bus type PCI registered
[    6.172057] acpiphp: ACPI Hot Plug PCI Controller Driver version: 0.5
[    6.319149] PCI: Using configuration type 1 for base access
[    6.455630] ACPI: Added _OSI(Module Device)
[    6.506385] ACPI: Added _OSI(Processor Device)
[    6.562282] ACPI: Added _OSI(3.0 _SCP Extensions)
[    6.665453] ACPI: Added _OSI(Processor Aggregator Device)
[    6.703044] ACPI: Executed 1 blocks of module-level executable AML code
[    6.754426] ACPI: Interpreter enabled
[    6.765790] ACPI: (supports S0 S5)
[    6.793190] ACPI: Using IOAPIC for interrupt routing
[    6.795552] PCI: Using host bridge windows from ACPI; if necessary, use "pci=nocrs" and report a bug
[    6.829973] ACPI: PCI Root Bridge [PCI0] (domain 0000 [bus 00-ff])
[    6.897753] acpi PNP0A03:00: _OSC: OS supports [ASPM ClockPM Segments MSI]
[    6.982971] acpi PNP0A03:00: _OSC: not requesting OS control; OS requires [ExtendedConfig ASPM ClockPM MSI]
[    7.093167] acpi PNP0A03:00: fail to add MMCONFIG information, can't access extended PCI configuration space under this bridge.
[    7.317865] PCI host bridge to bus 0000:00
[    7.400788] pci_bus 0000:00: root bus resource [io  0x0000-0x0cf7 window]
[    7.524158] pci_bus 0000:00: root bus resource [io  0x0d00-0xffff window]
[    7.526827] pci_bus 0000:00: root bus resource [mem 0x000a0000-0x000bffff window]
[    7.659743] pci_bus 0000:00: root bus resource [mem 0x80000000-0xffdfffff window]
[    7.709858] pci_bus 0000:00: root bus resource [bus 00-ff]
[    7.813560] pci 0000:00:01.1: legacy IDE quirk: reg 0x10: [io  0x01f0-0x01f7]
[    7.850267] pci 0000:00:01.1: legacy IDE quirk: reg 0x14: [io  0x03f6]
[    7.905165] pci 0000:00:01.1: legacy IDE quirk: reg 0x18: [io  0x0170-0x0177]
[    7.926858] pci 0000:00:01.1: legacy IDE quirk: reg 0x1c: [io  0x0376]
[    8.099966] pci 0000:00:07.0: quirk: [io  0x4000-0x403f] claimed by PIIX4 ACPI
[    8.285507] pci 0000:00:07.0: quirk: [io  0x4100-0x410f] claimed by PIIX4 SMB
[    8.405757] ACPI: PCI Interrupt Link [LNKA] (IRQs 5 9 10 *11)
[    8.439717] ACPI: PCI Interrupt Link [LNKB] (IRQs 5 9 10 *11)
[    8.512615] ACPI: PCI Interrupt Link [LNKC] (IRQs 5 9 *10 11)
[    8.518039] ACPI: PCI Interrupt Link [LNKD] (IRQs 5 *9 10 11)
[    8.519853] ACPI: Enabled 2 GPEs in block 00 to 07
[    8.587867] vgaarb: setting as boot device: PCI:0000:00:02.0
[    8.591841] vgaarb: device added: PCI:0000:00:02.0,decodes=io+mem,owns=io+mem,locks=none
[    8.673883] vgaarb: loaded
[    8.744867] vgaarb: bridge control possible 0000:00:02.0
[    8.869776] SCSI subsystem initialized
[    8.905568] ACPI: bus type USB registered
[    8.945116] usbcore: registered new interface driver usbfs
[    8.990813] usbcore: registered new interface driver hub
[    9.090306] usbcore: registered new device driver usb
[    9.200321] PCI: Using ACPI for IRQ routing
[    9.239101] NetLabel: Initializing
[    9.256821] NetLabel:  domain hash size = 128
[    9.264307] NetLabel:  protocols = UNLABELED CIPSOv4
[    9.353587] NetLabel:  unlabeled traffic allowed by default
[    9.444320] amd_nb: Cannot enumerate AMD northbridges
[    9.511328] clocksource: Switched to clocksource kvm-clock
[    9.580729] AppArmor: AppArmor Filesystem Enabled
[    9.592571] pnp: PnP ACPI init
[    9.669119] pnp: PnP ACPI: found 3 devices
[    9.762767] clocksource: acpi_pm: mask: 0xffffff max_cycles: 0xffffff, max_idle_ns: 2085701024 ns
[    9.949687] NET: Registered protocol family 2
[    9.958636] TCP established hash table entries: 16384 (order: 5, 131072 bytes)
[   10.003919] TCP bind hash table entries: 16384 (order: 6, 262144 bytes)
[   10.102919] TCP: Hash tables configured (established 16384 bind 16384)
[   10.140992] UDP hash table entries: 1024 (order: 3, 32768 bytes)
[   10.169652] UDP-Lite hash table entries: 1024 (order: 3, 32768 bytes)
[   10.170976] NET: Registered protocol family 1
[   10.282626] pci 0000:00:00.0: Limiting direct PCI/PCI transfers
[   10.337090] pci 0000:00:01.0: Activating ISA DMA hang workarounds
[   10.349411] Unpacking initramfs...
[   12.114046] Freeing initrd memory: 10792K
[   12.141167] RAPL PMU detected, API unit is 2^-32 Joules, 3 fixed counters 10737418240 ms ovfl timer
[   12.145569] hw unit of domain pp0-core 2^-0 Joules
[   12.176482] hw unit of domain package 2^-0 Joules
[   12.215933] hw unit of domain pp1-gpu 2^-0 Joules
[   12.228756] platform rtc_cmos: registered platform RTC device (no PNP device found)
[   12.272951] Scanning for low memory corruption every 60 seconds
[   12.325127] audit: initializing netlink subsys (disabled)
[   12.348482] audit: type=2000 audit(1516596094.349:1): initialized
[   12.362554] Initialise system trusted keyring
[   12.392512] HugeTLB registered 2 MB page size, pre-allocated 0 pages
[   12.428883] zbud: loaded
[   12.441038] VFS: Disk quotas dquot_6.6.0
[   12.460495] VFS: Dquot-cache hash table entries: 512 (order 0, 4096 bytes)
[   12.529546] squashfs: version 4.0 (2009/01/31) Phillip Lougher
[   12.563334] fuse init (API version 7.23)
[   12.614422] Key type big_key registered
[   12.654512] Allocating IMA MOK and blacklist keyrings.
[   12.663949] Key type asymmetric registered
[   12.753859] Asymmetric key parser 'x509' registered
[   12.906451] Block layer SCSI generic (bsg) driver version 0.4 loaded (major 249)
[   12.977078] io scheduler noop registered
[   13.081941] io scheduler deadline registered (default)
[   13.111771] io scheduler cfq registered
[   13.131981] pci_hotplug: PCI Hot Plug PCI Core version: 0.5
[   13.160977] pciehp: PCI Express Hot Plug Controller Driver version: 0.4
[   13.211881] ACPI: AC Adapter [AC] (off-line)
[   13.227897] tsc: Refined TSC clocksource calibration: 2295.879 MHz
[   13.227899] clocksource: tsc: mask: 0xffffffffffffffff max_cycles: 0x2118004bf29, max_idle_ns: 440795305927 ns
[   13.368383] input: Power Button as /devices/LNXSYSTM:00/LNXPWRBN:00/input/input0
[   13.389811] ACPI: Power Button [PWRF]
[   13.405553] input: Sleep Button as /devices/LNXSYSTM:00/LNXSLPBN:00/input/input1
[   13.429665] ACPI: Sleep Button [SLPF]
[   13.487333] GHES: HEST is not enabled!
[   13.488428] ACPI: Battery Slot [BAT0] (battery present)
[   13.663085] Serial: 8250/16550 driver, 32 ports, IRQ sharing enabled
[   13.705031] 00:02: ttyS0 at I/O 0x3f8 (irq = 4, base_baud = 115200) is a 16550A
[   13.771101] Linux agpgart interface v0.103
[   13.858849] loop: module loaded
[   13.922100] scsi host0: ata_piix
[   13.937523] scsi host1: ata_piix
[   13.960899] ata1: PATA max UDMA/33 cmd 0x1f0 ctl 0x3f6 bmdma 0xd000 irq 14
[   14.011856] ata2: PATA max UDMA/33 cmd 0x170 ctl 0x376 bmdma 0xd008 irq 15
[   14.027496] libphy: Fixed MDIO Bus: probed
[   14.057239] tun: Universal TUN/TAP device driver, 1.6
[   14.073769] tun: (C) 1999-2004 Max Krasnyansky <maxk@qualcomm.com>
[   14.105529] PPP generic driver version 2.4.2
[   14.115071] ehci_hcd: USB 2.0 'Enhanced' Host Controller (EHCI) Driver
[   14.153835] ehci-pci: EHCI PCI platform driver
[   14.212401] ehci-platform: EHCI generic platform driver
[   14.274981] ohci_hcd: USB 1.1 'Open' Host Controller (OHCI) Driver
[   14.342390] ohci-pci: OHCI PCI platform driver
[   14.431379] ohci-platform: OHCI generic platform driver
[   14.479762] uhci_hcd: USB Universal Host Controller Interface driver
[   14.498743] i8042: PNP: PS/2 Controller [PNP0303:PS2K,PNP0f03:PS2M] at 0x60,0x64 irq 1,12
[   14.537231] serio: i8042 KBD port at 0x60,0x64 irq 1
[   14.573004] serio: i8042 AUX port at 0x60,0x64 irq 12
[   14.680201] mousedev: PS/2 mouse device common for all mice
[   14.807512] rtc_cmos rtc_cmos: rtc core: registered rtc_cmos as rtc0
[   15.099062] input: AT Translated Set 2 keyboard as /devices/platform/i8042/serio0/input/input2
[   15.106405] rtc_cmos rtc_cmos: alarms up to one day, 114 bytes nvram
[   15.106444] i2c /dev entries driver
[   15.106524] device-mapper: uevent: version 1.0.3
[   15.139411] device-mapper: ioctl: 4.34.0-ioctl (2015-10-28) initialised: dm-devel@redhat.com
[   15.139432] ledtrig-cpu: registered to indicate activity on CPUs
[   15.139725] NET: Registered protocol family 10
[   15.139875] NET: Registered protocol family 17
[   15.139885] Key type dns_resolver registered
[   15.140031] microcode: CPU0 sig=0x306a9, pf=0x2, revision=0x19
[   15.204188] microcode: CPU1 sig=0x306a9, pf=0x2, revision=0x19
[   15.204324] microcode: Microcode Update Driver: v2.01 <tigran@aivazian.fsnet.co.uk>, Peter Oruba
[   15.204492] registered taskstats version 1
[   15.204510] Loading compiled-in X.509 certificates
[   15.205200] Loaded X.509 cert 'Build time autogenerated kernel key: 96e61bd247bb6c4e82ca419795a98fcb171b0e99'
[   15.205224] zswap: loaded using pool lzo/zbud
[   15.207107] Key type trusted registered
[   15.210413] Key type encrypted registered
[   15.210418] AppArmor: AppArmor sha1 policy hashing enabled
[   15.210422] ima: No TPM chip found, activating TPM-bypass!
[   15.210452] evm: HMAC attrs: 0x1
[   15.210903]   Magic number: 2:177:667
[   15.254249] rtc_cmos rtc_cmos: setting system clock to 2018-01-22 04:41:41 UTC (1516596101)
[   15.254427] BIOS EDD facility v0.16 2004-Jun-25, 0 devices found
[   15.254428] EDD information not available.
[   16.751047] Freeing unused kernel memory: 1508K
[   16.794450] Write protecting the kernel read-only data: 14336k
[   16.845342] Freeing unused kernel memory: 1744K
[   16.952322] Freeing unused kernel memory: 108K
Loading, please wait...
starting version[   17.083529] random: systemd-udevd: uninitialized urandom read (16 bytes read, 4 bits of entropy available)
 229
[   17.084042] random: udevadm: uninitialized urandom read (16 bytes read, 4 bits of entropy available)
[   17.084070] random: udevadm: uninitialized urandom read (16 bytes read, 4 bits of entropy available)
[   17.097915] random: udevadm: uninitialized urandom read (16 bytes read, 4 bits of entropy available)
[   17.097971] random: udevadm: uninitialized urandom read (16 bytes read, 4 bits of entropy available)
[   17.098180] random: udevadm: uninitialized urandom read (16 bytes read, 4 bits of entropy available)
[   17.098263] random: udevadm: uninitialized urandom read (16 bytes read, 4 bits of entropy available)
[   17.098346] random: udevadm: uninitialized urandom read (16 bytes read, 4 bits of entropy available)
[   17.098427] random: udevadm: uninitialized urandom read (16 bytes read, 4 bits of entropy available)
[   17.098506] random: udevadm: uninitialized urandom read (16 bytes read, 4 bits of entropy available)
[   17.992129] e1000: Intel(R) PRO/1000 Network Driver - version 7.3.21-k8-NAPI
[   18.030942] e1000: Copyright (c) 1999-2006 Intel Corporation.
[   18.062098] Fusion MPT base driver 3.04.20
[   18.072386] Copyright (c) 1999-2008 LSI Corporation
[   18.199724] Fusion MPT SPI Host driver 3.04.20
[   18.233038] AVX version of gcm_enc/dec engaged.
[   18.239851] AES CTR mode by8 optimization enabled
[   18.308382] input: ImExPS/2 Generic Explorer Mouse as /devices/platform/i8042/serio1/input/input4
[   18.658166] e1000 0000:00:03.0 eth0: (PCI:33MHz:32-bit) 02:38:07:4c:82:85
[   18.744473] e1000 0000:00:03.0 eth0: Intel(R) PRO/1000 Network Connection
[   18.759669] mptbase: ioc0: Initiating bringup
[   18.844011] ioc0: LSI53C1030 A0: Capabilities={Initiator}
[   19.077957] scsi host2: ioc0: LSI53C1030 A0, FwRev=00000000h, Ports=1, MaxQ=256, IRQ=20
[   19.269621] scsi 2:0:0:0: Direct-Access     VBOX     HARDDISK         1.0  PQ: 0 ANSI: 5
[   19.308126] scsi target2:0:0: Beginning Domain Validation
[   19.348899] scsi target2:0:0: Domain Validation skipping write tests
[   19.386839] scsi target2:0:0: Ending Domain Validation
[   19.408597] scsi target2:0:0: asynchronous
[   19.455744] scsi 2:0:1:0: Direct-Access     VBOX     HARDDISK         1.0  PQ: 0 ANSI: 5
[   19.489068] scsi target2:0:1: Beginning Domain Validation
[   19.492389] scsi target2:0:1: Domain Validation skipping write tests
[   19.509377] scsi target2:0:1: Ending Domain Validation
[   19.514377] scsi target2:0:1: asynchronous
[   19.524588] sd 2:0:0:0: Attached scsi generic sg0 type 0
[   19.548751] sd 2:0:0:0: [sda] 20971520 512-byte logical blocks: (10.7 GB/10.0 GiB)
[   19.625667] sd 2:0:1:0: [sdb] 20480 512-byte logical blocks: (10.5 MB/10.0 MiB)
[   19.633039] sd 2:0:1:0: Attached scsi generic sg1 type 0
[   19.639854] sd 2:0:1:0: [sdb] Write Protect is off
[   19.653664] sd 2:0:1:0: [sdb] Incomplete mode parameter data
[   19.663763] sd 2:0:1:0: [sdb] Assuming drive cache: write through
[   19.689237] sd 2:0:0:0: [sda] Write Protect is off
[   19.690935] sd 2:0:1:0: [sdb] Attached SCSI disk
[   19.913767] e1000 0000:00:08.0 eth1: (PCI:33MHz:32-bit) 08:00:27:b0:e4:6b
[   19.913772] e1000 0000:00:08.0 eth1: Intel(R) PRO/1000 Network Connection
[   20.005003] e1000 0000:00:08.0 enp0s8: renamed from eth1
[   20.053001] sd 2:0:0:0: [sda] Incomplete mode parameter data
[   20.092011] sd 2:0:0:0: [sda] Assuming drive cache: write through
[   20.149668]  sda: sda1
[   20.205505] e1000 0000:00:03.0 enp0s3: renamed from eth0
[   20.235831] sd 2:0:0:0: [sda] Attached SCSI disk
[   21.103830] floppy0: no floppy controllers found
Begin: Loading e[   22.480239] md: linear personality registered for level -1
ssential drivers[   22.586964] md: multipath personality registered for level -4
 ... [   22.707513] md: raid0 personality registered for level 0
[   22.868258] md: raid1 personality registered for level 1
[   23.128476] raid6: sse2x1   gen()  8052 MB/s
[   23.327619] raid6: sse2x1   xor()  5764 MB/s
[   23.411423] raid6: sse2x2   gen()  8555 MB/s
[   23.504246] raid6: sse2x2   xor()  7115 MB/s
[   23.735874] raid6: sse2x4   gen() 11512 MB/s
[   23.979605] raid6: sse2x4   xor()  8160 MB/s
[   24.094036] raid6: using algorithm sse2x4 gen() 11512 MB/s
[   24.152466] raid6: .... xor() 8160 MB/s, rmw enabled
[   24.311101] raid6: using ssse3x2 recovery algorithm
[   24.403626] xor: automatically using best checksumming function:
[   24.475400]    avx       : 17291.000 MB/sec
[   24.511150] async_tx: api initialized (async)
[   24.579724] md: raid6 personality registered for level 6
[   24.675020] md: raid5 personality registered for level 5
[   24.891148] md: raid4 personality registered for level 4
[   25.077096] md: raid10 personality registered for level 10
done.
Begin: Running /scripts/init-premount ... done.
Begin: Mounting root file system ... Begin: Run[   25.306208] Btrfs loaded
ning /scripts/local-top ... done.
Begin: Running /scripts/local-premount ... Scanning for Btrfs filesystems
done.
Warning: fsck no[   25.477348] EXT4-fs (sda1): mounted filesystem with ordered data mode. Opts: (null)
t present, so skipping root file system
done.
Begin: Running /scripts/local-bottom ... done.
Begin: Running /scripts/init-bottom ... done.
[   25.668723] systemd[1]: systemd 229 running in system mode. (+PAM +AUDIT +SELINUX +IMA +APPARMOR +SMACK +SYSVINIT +UTMP +LIBCRYPTSETUP +GCRYPT +GNUTLS +ACL +XZ -LZ4 +SECCOMP +BLKID +ELFUTILS +KMOD -IDN)
[   25.866574] systemd[1]: Detected virtualization oracle.
[   26.150861] systemd[1]: Detected architecture x86-64.

Welcome to [1mUbuntu 16.04.3 LTS[0m!

[   26.188755] systemd[1]: Set hostname to <ubuntu>.
[   26.208064] systemd[1]: Initializing machine ID from random generator.
[   26.231134] systemd[1]: Installed transient /etc/machine-id file.
[   26.434526] systemd[1]: Listening on Syslog Socket.
[[0;32m  OK  [0m] Listening on Syslog Socket.
[   26.526877] systemd[1]: Reached target User and Group Name Lookups.
[[0;32m  OK  [0m] Reached target User and Group Name Lookups.
[   26.599346] systemd[1]: Reached target Swap.
[[0;32m  OK  [0m] Reached target Swap.
[   26.651859] systemd[1]: Started Trigger resolvconf update for networkd DNS.
[[0;32m  OK  [0m] Started Trigger resolvconf update for networkd DNS.
[   26.699675] systemd[1]: Listening on Device-mapper event daemon FIFOs.
[[0;32m  OK  [0m] Listening on Device-mapper event daemon FIFOs.
[   26.799991] systemd[1]: Started Forward Password Requests to Wall Directory Watch.
[[0;32m  OK  [0m] Started Forward Password Requests to Wall Directory Watch.
[   26.904042] systemd[1]: Listening on Journal Socket (/dev/log).
[[0;32m  OK  [0m] Listening on Journal Socket (/dev/log).
[   26.967741] systemd[1]: Listening on Journal Audit Socket.
[[0;32m  OK  [0m] Listening on Journal Audit Socket.
[   27.039789] systemd[1]: Listening on LVM2 poll daemon socket.
[[0;32m  OK  [0m] Listening on LVM2 poll daemon socket.
[   27.108180] systemd[1]: Created slice User and Session Slice.
[[0;32m  OK  [0m] Created slice User and Session Slice.
[   27.204785] systemd[1]: Listening on LVM2 metadata daemon socket.
[[0;32m  OK  [0m] Listening on LVM2 metadata daemon socket.
[   27.287650] systemd[1]: Listening on /dev/initctl Compatibility Named Pipe.
[[0;32m  OK  [0m] Listening on /dev/initctl Compatibility Named Pipe.
[   27.340255] systemd[1]: Created slice System Slice.
[[0;32m  OK  [0m] Created slice System Slice.
[   27.389682] systemd[1]: Created slice system-serial\x2dgetty.slice.
[[0;32m  OK  [0m] Created slice system-serial\x2dgetty.slice.
[   27.486534] systemd[1]: Reached target Slices.
[[0;32m  OK  [0m] Reached target Slices.
[   27.523867] systemd[1]: Reached target Encrypted Volumes.
[[0;32m  OK  [0m] Reached target Encrypted Volumes.
[   27.564424] systemd[1]: Set up automount Arbitrary Executable File Formats File System Automount Point.
[[0;32m  OK  [0m] Set up automount Arbitrary Executab...ats File System Automount Point.
[   27.643950] systemd[1]: Listening on Journal Socket.
[[0;32m  OK  [0m] Listening on Journal Socket.
[   27.695664] systemd[1]: Starting Create list of required static device nodes for the current kernel...
         Starting Create list of required st... nodes for the current kernel...
[   27.771503] systemd[1]: Mounting POSIX Message Queue File System...
         Mounting POSIX Message Queue File System...
[   27.816627] random: nonblocking pool is initialized
[   27.853659] systemd[1]: Starting Monitoring of LVM2 mirrors, snapshots etc. using dmeventd or progress polling...
         Starting Monitoring of LVM2 mirrors... dmeventd or progress polling...
[   27.904238] systemd[1]: Starting Load Kernel Modules...
[   27.916673] Loading iSCSI transport class v2.0-870.
         Startin[   27.938707] iscsi: registered transport (tcp)
g Load Kernel Modules...
[   27.961186] iscsi: registered transport (iser)
[   28.023984] systemd[1]: Mounting Huge Pages File System...
         Mounting Huge Pages File System...
[   28.092901] systemd[1]: Starting Set console keymap...
         Starting Set console keymap...
[   28.170035] systemd[1]: Listening on udev Control Socket.
[[0;32m  OK  [0m] Listening on udev Control Socket.
[   28.351812] systemd[1]: Starting Nameserver information manager...
         Starting Nameserver information manager...
[   28.539989] systemd[1]: Listening on udev Kernel Socket.
[[0;32m  OK  [0m] Listening on udev Kernel Socket.
[   28.703620] systemd[1]: Starting Uncomplicated firewall...
         Starting Uncomplicated firewall...
[   28.867600] systemd[1]: Starting Remount Root and Kernel File Systems...
[   28.872460] EXT4-fs (sda1): re-mounted. Opts: (null)
         Starting Remount Root and Kernel File Systems...
[   28.956254] systemd[1]: Starting Journal Service...
         Starting Journal Service...
[   29.089219] systemd[1]: Mounting Debug File System...
         Mounting Debug File System...
[   29.237305] systemd[1]: Mounted POSIX Message Queue File System.
[[0;32m  OK  [0m] Mounted POSIX Message Queue File System.
[   29.347892] systemd[1]: Mounted Huge Pages File System.
[[0;32m  OK  [0m] Mounted Huge Pages File System.
[   29.647852] systemd[1]: Mounted Debug File System.
[[0;32m  OK  [0m] Mounted Debug File System.
[   29.736072] systemd[1]: Started Journal Service.
[[0;32m  OK  [0m] Started Journal Service.
[[0;32m  OK  [0m] Started Create list of required sta...ce nodes for the current kernel.
[[0;32m  OK  [0m] Started Load Kernel Modules.
[[0;32m  OK  [0m] Started Set console keymap.
[[0;32m  OK  [0m] Started Uncomplicated firewall.
[[0;32m  OK  [0m] Started Remount Root and Kernel File Systems.
[[0;32m  OK  [0m] Started Nameserver information manager.
[[0;32m  OK  [0m] Started LVM2 metadata daemon.
         Starting Load/Save Random Seed...
         Starting udev Coldplug all Devices...
         Starting Initial cloud-init job (pre-networking)...
         Starting Apply Kernel Variables...
         Mounting FUSE Control File System...
         Starting Create Static Device Nodes in /dev...
         Starting Flush Journal to Persistent Storage...
[[0;32m  OK  [0m] Mounted FUSE Control File System.
[[0;32m  OK  [0m] Started Load/Save Random Seed.
[[0;32m  OK  [0m] Started Apply Kernel Variables.
[[0;32m  OK  [0m] Started Create Static Device Nodes in /dev.
[[0;32m  OK  [0m] Started udev Coldplug all Devices.
[[0;32m  OK  [0m] Started Flush Journal to Persistent Storage.
         Starting udev Kernel Device Manager...
[[0;32m  OK  [0m] Started udev Kernel Device Manager.
[[0;32m  OK  [0m] Started Dispatch Password Requests to Console Directory Watch.
[[0;32m  OK  [0m] Started Monitoring of LVM2 mirrors,...ng dmeventd or progress polling.
[[0;32m  OK  [0m] Reached target Local File Systems (Pre).
[[0;32m  OK  [0m] Reached target Local File Systems.
         Starting Commit a transient machine-id on disk...
         Starting Create Volatile Files and Directories...
         Starting LSB: AppArmor initialization...
         Starting Tell Plymouth To Write Out Runtime Data...
         Starting Set console font and keymap...
[[0;32m  OK  [0m] Started Commit a transient machine-id on disk.
[[0;32m  OK  [0m] Started Create Volatile Files and Directories.
[[0;32m  OK  [0m] Started Tell Plymouth To Write Out Runtime Data.
[[0;32m  OK  [0m] Found device /dev/ttyS0.
[[0;32m  OK  [0m] Reached target System Time Synchronized.
         Starting Update UTMP about System Boot/Shutdown...
[   22.443550] cloud-init[453]: Cloud-init v. 17.1 running 'init-local' at Mon, 22 Jan 2018 04:41:57 +0000. Up 21.91 seconds.
[[0;32m  OK  [0m] Started Initial cloud-init job (pre-networking).
[[0;32m  OK  [0m] Started LSB: AppArmor initialization.
[[0;32m  OK  [0m] Started Update UTMP about System Boot/Shutdown.
[[0;32m  OK  [0m] Listening on Load/Save RF Kill Switch Status /dev/rfkill Watch.
[[0;32m  OK  [0m] Reached target Network (Pre).
         Starting Raise network interfaces...
[[0;32m  OK  [0m] Started Set console font and keymap.
[[0;32m  OK  [0m] Created slice system-getty.slice.
[[0;32m  OK  [0m] Started Raise network interfaces.
         Starting Initial cloud-init job (metadata service crawler)...
[[0;32m  OK  [0m] Reached target Network.
[   26.155711] cloud-init[959]: Cloud-init v. 17.1 running 'init' at Mon, 22 Jan 2018 04:42:00 +0000. Up 25.41 seconds.
[   26.249448] cloud-init[959]: ci-info: +++++++++++++++++++++++++++++++++++++Net device info++++++++++++++++++++++++++++++++++++++
[[0;32m  OK  [0m] Started Initial cloud-init job (metadata service crawler).
[[   26.325080] cloud-init[959]: ci-info: +--------+-------+---------------------------+---------------+-------+-------------------+
[   26.378330] cloud-init[959]: ci-info: | Device |   Up  |          Address          |      Mask     | Scope |     Hw-Address    |
[0;32m  OK  [0m] Reached target Cloud-config availability.
[   26.378468] cloud-init[959]: ci-info: +--------+-------+---------------------------+---------------+-------+-------------------+
[   26.533577] cloud-init[959]: ci-info: | enp0s3 |  True |         10.0.2.15         | 255.255.255.0 |   .   | 02:38:07:4c:82:85 |
[[0;32m  OK  [0m] Reached target Network is Online.
[   26.533693] cloud-init[959]: ci-info: | enp0s3 |  True | fe80::38:7ff:fe4c:8285/64 |       .       |  link | 02:38:07:4c:82:85 |
[   26.700371] cloud-init[959]: ci-info: | enp0s8 | False |             .             |       .       |   .   | 08:00:27:b0:e4:6b |
[   26.700702] cloud-init[959]: ci-info: |   lo   |  True |         127.0.0.1         |   255.0.0.0   |   .   |         .         |
         Starting iSCSI initiator daemon (iscsid)...
[[   26.700870] cloud-init[959]: ci-info: |   lo   |  True |          ::1/128          |       .       |  host |         .         |
[   26.877400] cloud-init[959]: ci-info: +--------+-------+---------------------------+---------------+-------+-------------------+
[0;32m  OK  [0m] Reached target System Initialization.
[   26.877499] cloud-init[959]: ci-info: +++++++++++++++++++++++++++Route IPv4 info++++++++++++++++++++++++++++
[[0;32m  OK  [0m] Started Daily apt download activities.
[   27.041967] cloud-init[959]: ci-info: +-------+-------------+----------+---------------+-----------+-------+
[   27.133471] cloud-init[959]: ci-info: | Route | Destination | Gateway  |    Genmask    | Interface | Flags |
[[0;32m  OK  [0m] Started Daily Cleanup of Temporary Directories.
[   27.133713] cloud-init[959]: ci-info: +-------+-------------+----------+---------------+-----------+-------+
[   27.313605] cloud-init[959]: ci-info: |   0   |   0.0.0.0   | 10.0.2.2 |    0.0.0.0    |   enp0s3  |   UG  |
[   27.313962] cloud-init[959]: ci-info: |   1   |   10.0.2.0  | 0.0.0.0  | 255.255.255.0 |   enp0s3  |   U   |
         Starting LXD - unix socket.
[   27.314152] cloud-init[959]: ci-info: +-------+-------------+----------+---------------+-----------+-------+
[   27.461106] cloud-init[959]: Generating public/private rsa key pair.
[[0;32m  OK  [0m] Started Timer to automatically refresh installed snaps.
[   27.461240] cloud-init[959]: Your identification has been saved in /etc/ssh/ssh_host_rsa_key.
[   27.609665] cloud-init[959]: Your public key has been saved in /etc/ssh/ssh_host_rsa_key.pub.
[[0;32m  OK  [0m] Listening on ACPID Listen Socket.
[   27.609881] cloud-init[959]: The key fingerprint is:
[   27.768444] cloud-init[[959]: [0;32m  OK  [0mSHA256:tE5Qi9ODBmdA7ibmhaYpHCZb7AjANH0tZu6oB26CWRc root@ubuntu-xenial] 
Started ACPI Events Check.
[   27.769092] cloud-init[959]: The key's randomart image is:
[   27.821508] cloud-init[959]: +---[RSA 2048]----+
[[0;32m  OK  [0m] Reached target Paths.
[   27.821632] cloud-init[959]: | o..+.+ .        |
[[0;32m  OK  [0m] Listening on UUID daemon activation socket.
[   27.914757] cloud-init[959]: |o .o O * .       |
[   28.000841] cloud-init[959]: |..  * B =        |
[   28.001215] cloud-init[959]: |.. oEo + o       |
         Starting Socket activation for snappy daemon.
[   28.001686] cloud-init[959]: |ooB *.  S        |
[   28.064898] cloud-init[959]: |=%o=.. o         |
[[0;32m  OK  [0m] Listening on D-Bus System Message Bus Socket.
[[   28.065142] cloud-init[959]: |O+=.    .        |
[   28.149330] cloud-init[959]: |=+ .             |
[0;32m  OK  [0m] Started Daily apt upgrade and clean activities.
[   28.149463] cloud-init[959]: |o .              |
[   28.233227] cloud-init[959]: +----[SHA256]-----+
[[0;32m  OK  [0m] Reached target Timers.
[   28.233337] cloud-init[959]: Generating public/private dsa key pair.
[   28.308710] cloud-init[959]: Your identification has been saved in /etc/ssh/ssh_host_dsa_key.
[   28.360635] cloud-init[959]: Your public key has been saved in /etc/ssh/ssh_host_dsa_key.pub.
[   28.408766] cloud-init[959]: The key fingerprint is:
[   28.435874] [cloud-init[0;32m  OK  [0m[959]: ] SHA256:rs+4LqT8vUHPVzPM9oOSOFHmDIAKbxfsBP+vwogQ4Rw root@ubuntu-xenialListening on LXD - unix socket.

[   28.484807] [cloud-init[0;32m  OK  [0m[959]: ] The key's randomart image is:Listening on Socket activation for snappy daemon.

[   28.536706] [cloud-init[0;32m  OK  [0m[959]: ] +---[DSA 1024]----+Started iSCSI initiator daemon (iscsid).

[   28.549690] cloud-init[959]: |  .o ..          |
[   28.597140]          cloud-initStarting Login to default iSCSI targets...[959]: 
|oE .=  .         |
[   28.640739] [cloud-init[0;32m  OK  [0m[959]: ] |o+.+..  . o      |Reached target Sockets.

[[0;32m  OK  [0m] Reached target Basic System.
[   28.641486] cloud-init[959]: |.o+ o.   * o     |
[   28.729580] [cloud-init[0;32m  OK  [0m[959]: ] | o .  o S o B    |Started ACPI event daemon.

[   28.772841]          cloud-initStarting Login Service...[959]: 
|.   .. = o + =   |
[   28.824557]          cloud-initStarting LSB: MD monitoring daemon...[959]: 
|.o =  . B + . o  |
[[0;32m  OK  [0m] Started Deferred execution scheduler.
[   28.880415] cloud-init[959]: |. + +. * o .   . |
[   28.916891]          cloud-initStarting Accounts Service...[959]: 
|   ..+O+o        |
[[0;32m  OK  [0m] Started D-Bus System Message Bus.
[   28.938729] cloud-init[959]: +----[SHA256]-----+
[   28.976416]          cloud-initStarting System Logging Service...[959]: 
Generating public/private ecdsa key pair.
         Starting Apply the settings specified in cloud-config...
[   29.010852] cloud-init[959]: Your identification has been saved in /etc/ssh/ssh_host_ecdsa_key.
         Starting Snappy daemon...
[   29.080263] cloud-init[959]: Your public key has been saved in /etc/ssh/ssh_host_ecdsa_key.pub.
         Starting LSB: Record successful boot for GRUB...
[[0;32m  OK  [0m] Started FUSE filesystem for LXC.
[[0;32m  OK  [0m] Started Unattended Upgrades Shutdown.
[   29.120188] cloud-init[959]: The key fingerprint is:
         Starting Pollinate to seed the pseudo random number generator...
[   29.199124] cloud-init[959]: SHA256:G5VllkU484jEcJ4G89eKlJro/q4KmADrBqV97xAU8Nk root@ubuntu-xenial
[   29.278854] cloud-init[959]: The key's randomart image is:
[   29.292393] cloud-init[959]: +---[ECDSA 256]---+
[   29.292504] cloud-init[959]: |  ...   +o. +=o  |
[   29.292701] cloud-init[959]: |   . +   *oB=.   |
[   29.292778] cloud-init[959]: |. . + E  .X..=.  |
[   29.292863] cloud-init[959]: |.= .   . *.o...  |
[   29.292935] cloud-init[959]: |= . o . S . .    |
[   29.293008] cloud-init[959]: |+o . +   o       |
[   29.293106] cloud-init[959]: |oo. . o .        |
[   29.293178] cloud-init[959]: |.  . +           |
[   29.293250] cloud-init[959]: |    ..++o        |
[   29.293344] cloud-init[959]: +----[SHA256]-----+
[   29.293439] cloud-init[959]: Generating public/private ed25519 key pair.
[   29.293510] cloud-init[959]: Your identification has been saved in /etc/ssh/ssh_host_ed25519_key.
[   29.293587] cloud-init[959]: Your public key has been saved in /etc/ssh/ssh_host_ed25519_key.pub.
[   29.293660] cloud-init[959]: The key fingerprint is:
[   29.293729] cloud-init[959]: SHA256:kkqjYoyZ+oyqGRCiGUrSI5JkUo+h/CzkDtly+i2cj/E root@ubuntu-xenial
[   29.293800] cloud-init[959]: The key's randomart image is:
[   29.293871] cloud-init[959]: +--[ED25519 256]--+
[   29.293941] cloud-init[959]: |.+o              |
[   29.294013] cloud-init[959]: |=+ +             |
[   29.294090] cloud-init[959]: |X++ .            |
[   29.294159] cloud-init[959]: |XBo.   .         |
[   29.294227] cloud-init[959]: |Ooooo o S        |
[   29.294296] cloud-init[959]: |**.o o .         |
[   29.294365] cloud-init[959]: |B=o..            |
[   29.294439] cloud-init[959]: |oB+=             |
[   29.294507] cloud-init[959]: |O.=oE            |
[   29.294577] cloud-init[959]: +----[SHA256]-----+
         Starting LXD - container startup/shutdown...
[   29.540020] cloud-init[1083]: Generating locales (this might take a while)...
         Starting /etc/rc.local Compatibility...
[[0;32m  OK  [0m] Started Regular background program processing daemon.
[[0;32m  OK  [0m] Started System Logging Service.
[[0;32m  OK  [0m] Started Snappy daemon.
[[0;32m  OK  [0m] Started LXD - container startup/shutdown.
[[0;32m  OK  [0m] Started /etc/rc.local Compatibility.
[[0;32m  OK  [0m] Started Login to default iSCSI targets.
[[0;32m  OK  [0m] Started LSB: MD monitoring daemon.
[[0;32m  OK  [0m] Started LSB: Record successful boot for GRUB.
[[0;32m  OK  [0m] Started Login Service.
         Starting Authenticate and Authorize Users to Run Privileged Tasks...
[[0;32m  OK  [0m] Reached target Remote File Systems (Pre).
[[0;32m  OK  [0m] Reached target Remote File Systems.
         Starting LSB: automatic crash report generation...
         Starting Permit User Sessions...
         Starting LSB: daemon to balance interrupts for SMP systems...
         Starting LSB: VirtualBox Linux Additions...
         Starting LSB: Set the CPU Frequency Scaling governor to "ondemand"...
[[0;32m  OK  [0m] Started Pollinate to seed the pseudo random number generator.
[   30.442414] [cloud-init[0;32m  OK  [0m[1083]: ]   en_US.UTF-8... doneStarted Permit User Sessions.

[[0;32m  OK  [0m] Started Authenticate and Authorize Users to Run Privileged Tasks.
[   30.565944] cloud-init[1083]: Generation complete.
[[0;32m  OK  [0m] Started Accounts Service.
[[0;32m  OK  [0m] Started LSB: automatic crash report generation.
[[0;32m  OK  [0m] Started LSB: daemon to balance interrupts for SMP systems.
[[0;32m  OK  [0m] Started LSB: VirtualBox Linux Additions.
[[0;32m  OK  [0m] Started LSB: Set the CPU Frequency Scaling governor to "ondemand".
         Starting Terminate Plymouth Boot Screen...
         Starting Hold until boot process finishes up...
         Starting OpenBSD Secure Shell server...
[[0;32m  OK  [0m] Started OpenBSD Secure Shell server.
[[0;32m  OK  [0m] Started Terminate Plymouth Boot Screen.
[   30.923663] cloud-init[1083]: Cloud-init v. 17.1 running 'modules:config' at Mon, 22 Jan 2018 04:42:04 +0000. Up 29.38 seconds.
[[0;32m  OK  [0m] Started Apply the settings specified in cloud-config.
[[0;32m  OK  [0m] Started Hold until boot process finishes up.
[[0;32m  OK  [0m] Started Serial Getty on ttyS0.
[[0;32m  OK  [0m] Started Getty on tty1.
[[0;32m  OK  [0m] Reached target Login Prompts.
         Starting Set console scheme...
[[0;32m  OK  [0m] Reached target Multi-User System.
[[0;32m  OK  [0m] Reached target Graphical Interface.
         Starting Execute cloud user/final scripts...
         Starting Update UTMP about System Runlevel Changes...
[[0;32m  OK  [0m] Started Set console scheme.
[[0;32m  OK  [0m] Started Update UTMP about System Runlevel Changes.
ci-info: no authorized ssh keys fingerprints found for user ubuntu.
<14>Jan 22 04:42:06 ec2: 
<14>Jan 22 04:42:06 ec2: #############################################################
<14>Jan 22 04:42:06 ec2: -----BEGIN SSH HOST KEY FINGERPRINTS-----
<14>Jan 22 04:42:06 ec2: 1024 SHA256:rs+4LqT8vUHPVzPM9oOSOFHmDIAKbxfsBP+vwogQ4Rw root@ubuntu-xenial (DSA)
<14>Jan 22 04:42:06 ec2: 256 SHA256:G5VllkU484jEcJ4G89eKlJro/q4KmADrBqV97xAU8Nk root@ubuntu-xenial (ECDSA)
<14>Jan 22 04:42:06 ec2: 256 SHA256:kkqjYoyZ+oyqGRCiGUrSI5JkUo+h/CzkDtly+i2cj/E root@ubuntu-xenial (ED25519)
<14>Jan 22 04:42:06 ec2: 2048 SHA256:tE5Qi9ODBmdA7ibmhaYpHCZb7AjANH0tZu6oB26CWRc root@ubuntu-xenial (RSA)
<14>Jan 22 04:42:06 ec2: -----END SSH HOST KEY FINGERPRINTS-----
<14>Jan 22 04:42:06 ec2: #############################################################
-----BEGIN SSH HOST KEY KEYS-----
ecdsa-sha2-nistp256 AAAAE2VjZHNhLXNoYTItbmlzdHAyNTYAAAAIbmlzdHAyNTYAAABBBGeFgPkkwAYvZIeU3OSmFPWwG6A569EC2ZbZA4/gU9kF3C13vyvNWsMF7sl8XoENvFwwV34Qv0xUoSyw7LrgmHM= root@ubuntu-xenial
ssh-ed25519 AAAAC3NzaC1lZDI1NTE5AAAAID61XkRIPDEkkNAeTvmcV5g3dwaxgZr0zWIDdySKVVPl root@ubuntu-xenial
ssh-rsa AAAAB3NzaC1yc2EAAAADAQABAAABAQDb22+CcQI4yMpBihhDN3ZBYrZzx6zA7v2GkSp+Ri098gAwYnTkUOF70sjtkk5iscwwDVV5OF2MKxg32UViwJ9pGRgwVn0uJM3OoQl0CxBF6ryr1ug19yD5bDI4sV6D5ESeWXtKgwUUzcBZAyOeCne8Q/HPvU12JaQAqfFpyXXifufsZFw7Cy3kkY9zrjQlmbb3DcOnvGgz3X0zmbXWGjdMYvYG6yZMJ+XFULUpgNeBsjM64kasPQAn7aLCjicec/q+hoAxhP/EAMewwz52lGs02fUYshf9kDuO9ClNE8xYAzmrEcdyFNJzd31moZrifqoPrtaeClCHuWv5MKW4HnPl root@ubuntu-xenial
-----END SSH HOST KEY KEYS-----
[   32.393162] cloud-init[1311]: Cloud-init v. 17.1 running 'modules:final' at Mon, 22 Jan 2018 04:42:06 +0000. Up 31.60 seconds.
[   32.432872] cloud-init[1311]: ci-info: no authorized ssh keys fingerprints found for user ubuntu.
[[0;32m  OK  [0m] Started Execute cloud user/final scripts.
[   32.475200] cloud-init[1311]: Cloud-init v. 17.1 finished at Mon, 22 Jan 2018 04:42:07 +0000. Datasource DataSourceNoCloud [seed=/dev/sdb][dsmode=net].  Up 32.38 seconds
[[0;32m  OK  [0m] Reached target Cloud-init target.

Ubuntu 16.04.3 LTS ubuntu-xenial ttyS0

ubuntu-xenial login:          Stopping Authenticate and Authorize Users to Run Privileged Tasks...
         Stopping Session 6 of user vagrant.
[[0;32m  OK  [0m] Stopped target Cloud-init target.
[[0;32m  OK  [0m] Closed Load/Save RF Kill Switch Status /dev/rfkill Wat [[0;32m  OK  [0m] Stopped target Timers.
[[0;32m  OK  [0m] Stopped Daily Cleanup of Temporary Directories.
[[0;32m  OK  [0m] Stopped Timer to automatically refresh installed snaps.
[[0;32m  OK  [0m] Stopped Daily apt upgrade and clean activities.
[[0;32m  OK  [0m] Stopped Daily apt download activities.
[[0;32m  OK  [0m] Stopped target System Time Synchronized.
         Stopping LSB: automatic crash report generation...
[[0;32m  OK  [0m] Unmounted /var/lib/docker/overlay2.
[[0;32m  OK  [0m] Unmounted /var/lib/docker/plugins.
[[0;32m  OK  [0m] Unmounted /var/lib/lxcfs.
[[0;32m  OK  [0m] Stopped ACPI event daemon.
[[0;32m  OK  [0m] Stopped Deferred execution scheduler.
[[0;32m  OK  [0m] Stopped Accounts Service.
[[0;32m  OK  [0m] Stopped System Logging Service.
[[0;32m  OK  [0m] Stopped Snappy daemon.
[[0;32m  OK  [0m] Stopped Regular background program processing daemon.
[[0;32m  OK  [0m] Stopped Authenticate and Authorize Users to Run Privileged Tasks.
[[0;32m  OK  [0m] Stopped OpenBSD Secure Shell server.
[[0;32m  OK  [0m] Stopped Serial Getty on ttyS0.
[[0;32m  OK  [0m] Stopped Getty on tty1.
[[0;32m  OK  [0m] Stopped User Manager for UID 1000.
[[0;32m  OK  [0m] Stopped Session 6 of user vagrant.
[[0;32m  OK  [0m] Stopped Unattended Upgrades Shutdown.
[[0;32m  OK  [0m] Stopped LSB: Set up cgroupfs mounts..
[[0;32m  OK  [0m] Stopped D-Bus System Message Bus.
[[0;32m  OK  [0m] Stopped FUSE filesystem for LXC.
[[0;32m  OK  [0m] Stopped LXD - container startup/shutdown.
[[0;32m  OK  [0m] Stopped LSB: MD monitoring daemon.
[[0;32m  OK  [0m] Stopped LSB: VirtualBox Linux Additions.
[[0;32m  OK  [0m] Stopped LSB: daemon to balance interrupts for SMP systems.
[[0;32m  OK  [0m] Stopped Docker Application Container Engine.
[[0;32m  OK  [0m] Stopped PostgreSQL Cluster 9.3-main.
[[0;32m  OK  [0m] Stopped LSB: Record successful boot for GRUB.
[[0;32m  OK  [0m] Stopped LSB: Set the CPU Frequency Scaling governor to "ondemand".
[[0;32m  OK  [0m] Stopped LSB: automatic crash report generation.
[[0;32m  OK  [0m] Removed slice system-postgresql.slice.
[[0;32m  OK  [0m] Removed slice system-getty.slice.
[[0;32m  OK  [0m] Removed slice system-serial\x2dgetty.slice.
[[0;32m  OK  [0m] Stopped /etc/rc.local Compatibility.
[[0;32m  OK  [0m] Stopped Session 7 of user vagrant.
[[0;32m  OK  [0m] Stopped User Manager for UID 1000.
[[0;32m  OK  [0m] Removed slice User Slice of vagrant.
         Stopping Login Service...
         Stopping Permit User Sessions...
[[0;32m  OK  [0m] Stopped Permit User Sessions.
[[0;32m  OK  [0m] Stopped Login Service.
[[0;32m  OK  [0m] Stopped target User and Group Name Lookups.
[[0;32m  OK  [0m] Stopped target Remote File Systems.
[[0;32m  OK  [0m] Stopped target Remote File Systems (Pre).
         Stopping Login to default iSCSI targets...
[[0;32m  OK  [0m] Stopped target Basic System.
[[0;32m  OK  [0m] Stopped target Paths.
[[0;32m  OK  [0m] Stopped Forward Password Requests to Wall Directory Watch.
[[0;32m  OK  [0m] Stopped ACPI Events Check.
[[0;32m  OK  [0m] Stopped Dispatch Password Requests to Console Directory Watch.
[[0;32m  OK  [0m] Stopped target Slices.
[[0;32m  OK  [0m] Removed slice User and Session Slice.
[[0;32m  OK  [0m] Stopped target Sockets.
[[0;32m  OK  [0m] Closed UUID daemon activation socket.
[[0;32m  OK  [0m] Closed Syslog Socket.
[[0;32m  OK  [0m] Closed LXD - unix socket.
[[0;32m  OK  [0m] Closed Socket activation for snappy daemon.
[[0;32m  OK  [0m] Closed Docker Socket for the API.
[[0;32m  OK  [0m] Closed ACPID Listen Socket.
[[0;32m  OK  [0m] Closed D-Bus System Message Bus Socket.
[[0;32m  OK  [0m] Stopped target System Initialization.
[[0;32m  OK  [0m] Stopped target Swap.
         Stopping Load/Save Random Seed...
[[0;32m  OK  [0m] Stopped Commit a transient machine-id on disk.
[[0;32m  OK  [0m] Stopped Create Volatile Files and Directories.
[[0;32m  OK  [0m] Stopped target Encrypted Volumes.
[[0;32m  OK  [0m] Stopped Load/Save Random Seed.
[[0;32m  OK  [0m] Stopped Login to default iSCSI targets.
         Stopping iSCSI initiator daemon (iscsid)...
[[0;32m  OK  [0m] Stopped iSCSI initiator daemon (iscsid).
[[0;32m  OK  [0m] Stopped target Network is Online.
[[0;32m  OK  [0m] Stopped Initial cloud-init job (metadata service crawler).
[[0;32m  OK  [0m] Stopped target Network.
         Stopping Raise network interfaces...
[[0;32m  OK  [0m] Stopped Raise network interfaces.
[[0;32m  OK  [0m] Stopped target Network (Pre).
[[0;32m  OK  [0m] Stopped Initial cloud-init job (pre-networking).
[[0;32m  OK  [0m] Stopped Apply Kernel Variables.
[[0;32m  OK  [0m] Stopped Load Kernel Modules.
[[0;32m  OK  [0m] Stopped target Local File Systems.
         Unmounting /run/user/1000...
         Unmounting /vagrant...
[[0;32m  OK  [0m] Unmounted /run/user/1000.
[[0;32m  OK  [0m] Unmounted /vagrant.
[[0;32m  OK  [0m] Reached target Unmount All Filesystems.
[[0;32m  OK  [0m] Stopped target Local File Systems (Pre).
         Stopping Monitoring of LVM2 mirrors... dmeventd or progress polling...
[[0;32m  OK  [0m] Stopped Remount Root and Kernel File Systems.
[[0;32m  OK  [0m] Stopped Create Static Device Nodes in /dev.
[[0;32m  OK  [0m] Reached target Shutdown.
[ 1678.409141] reboot: Restarting system
[    0.000000] Initializing cgroup subsys cpuset
[    0.000000] Initializing cgroup subsys cpu
[    0.000000] Initializing cgroup subsys cpuacct
[    0.000000] Linux version 4.4.0-109-generic (buildd@lgw01-amd64-038) (gcc version 5.4.0 20160609 (Ubuntu 5.4.0-6ubuntu1~16.04.5) ) #132-Ubuntu SMP Tue Jan 9 19:52:39 UTC 2018 (Ubuntu 4.4.0-109.132-generic 4.4.98)
[    0.000000] Command line: BOOT_IMAGE=/boot/vmlinuz-4.4.0-109-generic root=UUID=676eac73-81dc-4fbd-bdea-aebcbe447240 ro console=tty1 console=ttyS0
[    0.000000] KERNEL supported cpus:
[    0.000000]   Intel GenuineIntel
[    0.000000]   AMD AuthenticAMD
[    0.000000]   Centaur CentaurHauls
[    0.000000] x86/fpu: xstate_offset[2]:  576, xstate_sizes[2]:  256
[    0.000000] x86/fpu: Supporting XSAVE feature 0x01: 'x87 floating point registers'
[    0.000000] x86/fpu: Supporting XSAVE feature 0x02: 'SSE registers'
[    0.000000] x86/fpu: Supporting XSAVE feature 0x04: 'AVX registers'
[    0.000000] x86/fpu: Enabled xstate features 0x7, context size is 832 bytes, using 'standard' format.
[    0.000000] x86/fpu: Using 'lazy' FPU context switches.
[    0.000000] e820: BIOS-provided physical RAM map:
[    0.000000] BIOS-e820: [mem 0x0000000000000000-0x000000000009fbff] usable
[    0.000000] BIOS-e820: [mem 0x000000000009fc00-0x000000000009ffff] reserved
[    0.000000] BIOS-e820: [mem 0x00000000000f0000-0x00000000000fffff] reserved
[    0.000000] BIOS-e820: [mem 0x0000000000100000-0x000000007ffeffff] usable
[    0.000000] BIOS-e820: [mem 0x000000007fff0000-0x000000007fffffff] ACPI data
[    0.000000] BIOS-e820: [mem 0x00000000fec00000-0x00000000fec00fff] reserved
[    0.000000] BIOS-e820: [mem 0x00000000fee00000-0x00000000fee00fff] reserved
[    0.000000] BIOS-e820: [mem 0x00000000fffc0000-0x00000000ffffffff] reserved
[    0.000000] NX (Execute Disable) protection: active
[    0.000000] SMBIOS 2.5 present.
[    0.000000] Hypervisor detected: KVM
[    0.000000] e820: last_pfn = 0x7fff0 max_arch_pfn = 0x400000000
[    0.000000] MTRR: Disabled
[    0.000000] x86/PAT: MTRRs disabled, skipping PAT initialization too.
[    0.000000] CPU MTRRs all blank - virtualized system.
[    0.000000] x86/PAT: Configuration [0-7]: WB  WT  UC- UC  WB  WT  UC- UC  
[    0.000000] found SMP MP-table at [mem 0x0009fff0-0x0009ffff] mapped at [ffff88000009fff0]
[    0.000000] Scanning 1 areas for low memory corruption
[    0.000000] RAMDISK: [mem 0x3381a000-0x35c04fff]
[    0.000000] ACPI: Early table checksum verification disabled
[    0.000000] ACPI: RSDP 0x00000000000E0000 000024 (v02 VBOX  )
[    0.000000] ACPI: XSDT 0x000000007FFF0030 00003C (v01 VBOX   VBOXXSDT 00000001 ASL  00000061)
[    0.000000] ACPI: FACP 0x000000007FFF00F0 0000F4 (v04 VBOX   VBOXFACP 00000001 ASL  00000061)
[    0.000000] ACPI: DSDT 0x000000007FFF0470 0021FF (v02 VBOX   VBOXBIOS 00000002 INTL 20100528)
[    0.000000] ACPI: FACS 0x000000007FFF0200 000040
[    0.000000] ACPI: FACS 0x000000007FFF0200 000040
[    0.000000] ACPI: APIC 0x000000007FFF0240 00005C (v02 VBOX   VBOXAPIC 00000001 ASL  00000061)
[    0.000000] ACPI: SSDT 0x000000007FFF02A0 0001CC (v01 VBOX   VBOXCPUT 00000002 INTL 20100528)
[    0.000000] No NUMA configuration found
[    0.000000] Faking a node at [mem 0x0000000000000000-0x000000007ffeffff]
[    0.000000] NODE_DATA(0) allocated [mem 0x7ffeb000-0x7ffeffff]
[    0.000000] kvm-clock: Using msrs 4b564d01 and 4b564d00
[    0.000000] kvm-clock: cpu 0, msr 0:7ffe3001, primary cpu clock
[    0.000000] kvm-clock: using sched offset of 1687186506016 cycles
[    0.000000] clocksource: kvm-clock: mask: 0xffffffffffffffff max_cycles: 0x1cd42e4dffb, max_idle_ns: 881590591483 ns
[    0.000000] Zone ranges:
[    0.000000]   DMA      [mem 0x0000000000001000-0x0000000000ffffff]
[    0.000000]   DMA32    [mem 0x0000000001000000-0x000000007ffeffff]
[    0.000000]   Normal   empty
[    0.000000]   Device   empty
[    0.000000] Movable zone start for each node
[    0.000000] Early memory node ranges
[    0.000000]   node   0: [mem 0x0000000000001000-0x000000000009efff]
[    0.000000]   node   0: [mem 0x0000000000100000-0x000000007ffeffff]
[    0.000000] Initmem setup node 0 [mem 0x0000000000001000-0x000000007ffeffff]
[    0.000000] ACPI: PM-Timer IO Port: 0x4008
[    0.000000] IOAPIC[0]: apic_id 2, version 32, address 0xfec00000, GSI 0-23
[    0.000000] ACPI: INT_SRC_OVR (bus 0 bus_irq 0 global_irq 2 dfl dfl)
[    0.000000] ACPI: INT_SRC_OVR (bus 0 bus_irq 9 global_irq 9 high level)
[    0.000000] Using ACPI (MADT) for SMP configuration information
[    0.000000] smpboot: Allowing 2 CPUs, 0 hotplug CPUs
[    0.000000] PM: Registered nosave memory: [mem 0x00000000-0x00000fff]
[    0.000000] PM: Registered nosave memory: [mem 0x0009f000-0x0009ffff]
[    0.000000] PM: Registered nosave memory: [mem 0x000a0000-0x000effff]
[    0.000000] PM: Registered nosave memory: [mem 0x000f0000-0x000fffff]
[    0.000000] e820: [mem 0x80000000-0xfebfffff] available for PCI devices
[    0.000000] Booting paravirtualized kernel on KVM
[    0.000000] clocksource: refined-jiffies: mask: 0xffffffff max_cycles: 0xffffffff, max_idle_ns: 7645519600211568 ns
[    0.000000] setup_percpu: NR_CPUS:512 nr_cpumask_bits:512 nr_cpu_ids:2 nr_node_ids:1
[    0.000000] PERCPU: Embedded 34 pages/cpu @ffff88007fc00000 s99544 r8192 d31528 u1048576
[    0.000000] PV qspinlock hash table entries: 256 (order: 0, 4096 bytes)
[    0.000000] Built 1 zonelists in Node order, mobility grouping on.  Total pages: 515961
[    0.000000] Policy zone: DMA32
[    0.000000] Kernel command line: BOOT_IMAGE=/boot/vmlinuz-4.4.0-109-generic root=UUID=676eac73-81dc-4fbd-bdea-aebcbe447240 ro console=tty1 console=ttyS0
[    0.000000] PID hash table entries: 4096 (order: 3, 32768 bytes)
[    0.000000] Memory: 2007944K/2096696K available (8485K kernel code, 1308K rwdata, 3988K rodata, 1508K init, 1316K bss, 88752K reserved, 0K cma-reserved)
[    0.000000] SLUB: HWalign=64, Order=0-3, MinObjects=0, CPUs=2, Nodes=1
[    0.000000] Kernel/User page tables isolation: enabled
[    0.000000] Hierarchical RCU implementation.
[    0.000000] 	Build-time adjustment of leaf fanout to 64.
[    0.000000] 	RCU restricting CPUs from NR_CPUS=512 to nr_cpu_ids=2.
[    0.000000] RCU: Adjusting geometry for rcu_fanout_leaf=64, nr_cpu_ids=2
[    0.000000] NR_IRQS:33024 nr_irqs:440 16
[    0.000000] Console: colour VGA+ 80x25
[    0.000000] console [tty1] enabled
[    0.000000] console [ttyS0] enabled
[    0.000000] tsc: Detected 2294.770 MHz processor
[    4.131764] Calibrating delay loop (skipped) preset value.. 4589.54 BogoMIPS (lpj=9179080)
[    4.184464] pid_max: default: 32768 minimum: 301
[    4.199640] ACPI: Core revision 20150930
[    4.229973] ACPI: 2 ACPI AML tables successfully acquired and loaded
[    4.257807] Security Framework initialized
[    4.263602] Yama: becoming mindful.
[    4.279968] AppArmor: AppArmor initialized
[    4.287876] Dentry cache hash table entries: 262144 (order: 9, 2097152 bytes)
[    4.302440] Inode-cache hash table entries: 131072 (order: 8, 1048576 bytes)
[    4.319129] Mount-cache hash table entries: 4096 (order: 3, 32768 bytes)
[    4.344284] Mountpoint-cache hash table entries: 4096 (order: 3, 32768 bytes)
[    4.347211] Initializing cgroup subsys io
[    4.390807] Initializing cgroup subsys memory
[    4.407651] Initializing cgroup subsys devices
[    4.429487] Initializing cgroup subsys freezer
[    4.436012] Initializing cgroup subsys net_cls
[    4.440865] Initializing cgroup subsys perf_event
[    4.465540] Initializing cgroup subsys net_prio
[    4.467906] Initializing cgroup subsys hugetlb
[    4.479991] Initializing cgroup subsys pids
[    4.491311] CPU: Physical Processor ID: 0
[    4.518976] CPU: Processor Core ID: 0
[    4.532193] mce: CPU supports 0 MCE banks
[    4.560134] Last level iTLB entries: 4KB 512, 2MB 8, 4MB 8
[    4.597082] Last level dTLB entries: 4KB 512, 2MB 32, 4MB 32, 1GB 0
[    4.649083] Freeing SMP alternatives memory: 32K
[    4.694346] ftrace: allocating 32171 entries in 126 pages
[    4.774307] smpboot: APIC(0) Converting physical 0 to logical package 0
[    4.842713] smpboot: Max logical packages: 1
[    4.845505] x2apic enabled
[    4.868975] Switched APIC routing to physical x2apic.
[    4.956990] ..TIMER: vector=0x30 apic1=0 pin1=2 apic2=-1 pin2=-1
[    5.102937] smpboot: CPU0: Intel(R) Core(TM) i7-3615QM CPU @ 2.30GHz (family: 0x6, model: 0x3a, stepping: 0x9)
[    5.240319] Performance Events: unsupported p6 CPU model 58 no PMU driver, software events only.
[    5.412748] KVM setup paravirtual spinlock
[    5.496633] x86: Booting SMP configuration:
[    5.535247] .... node  #0, CPUs:      #1
[    5.607121] kvm-clock: cpu 1, msr 0:7ffe3041, secondary cpu clock
[    5.646666] mce: CPU supports 0 MCE banks
[    5.661752] x86: Booted up 1 node, 2 CPUs
[    5.711757] smpboot: Total of 2 processors activated (9179.08 BogoMIPS)
[    5.767036] devtmpfs: initialized
[    5.798356] evm: security.selinux
[    5.850940] evm: security.SMACK64
[    5.894471] evm: security.SMACK64EXEC
[    5.931547] evm: security.SMACK64TRANSMUTE
[    5.994863] evm: security.SMACK64MMAP
[    6.046514] evm: security.ima
[    6.095035] evm: security.capability
[    6.124577] clocksource: jiffies: mask: 0xffffffff max_cycles: 0xffffffff, max_idle_ns: 7645041785100000 ns
[    6.237773] futex hash table entries: 512 (order: 3, 32768 bytes)
[    6.257142] pinctrl core: initialized pinctrl subsystem
[    6.317122] RTC time:  5:09:36, date: 01/22/18
[    6.408207] NET: Registered protocol family 16
[    6.435754] cpuidle: using governor ladder
[    6.451901] cpuidle: using governor menu
[    6.469345] PCCT header not found.
[    6.511104] ACPI: bus type PCI registered
[    6.568000] acpiphp: ACPI Hot Plug PCI Controller Driver version: 0.5
[    6.707765] PCI: Using configuration type 1 for base access
[    6.733199] ACPI: Added _OSI(Module Device)
[    6.759782] ACPI: Added _OSI(Processor Device)
[    6.784704] ACPI: Added _OSI(3.0 _SCP Extensions)
[    6.816824] ACPI: Added _OSI(Processor Aggregator Device)
[    6.913347] ACPI: Executed 1 blocks of module-level executable AML code
[    6.956010] ACPI: Interpreter enabled
[    7.008019] ACPI: (supports S0 S5)
[    7.060948] ACPI: Using IOAPIC for interrupt routing
[    7.066375] PCI: Using host bridge windows from ACPI; if necessary, use "pci=nocrs" and report a bug
[    7.106762] ACPI: PCI Root Bridge [PCI0] (domain 0000 [bus 00-ff])
[    7.135876] acpi PNP0A03:00: _OSC: OS supports [ASPM ClockPM Segments MSI]
[    7.207965] acpi PNP0A03:00: _OSC: not requesting OS control; OS requires [ExtendedConfig ASPM ClockPM MSI]
[    7.326190] acpi PNP0A03:00: fail to add MMCONFIG information, can't access extended PCI configuration space under this bridge.
[    7.480803] PCI host bridge to bus 0000:00
[    7.520066] pci_bus 0000:00: root bus resource [io  0x0000-0x0cf7 window]
[    7.644189] pci_bus 0000:00: root bus resource [io  0x0d00-0xffff window]
[    7.663550] pci_bus 0000:00: root bus resource [mem 0x000a0000-0x000bffff window]
[    7.750732] pci_bus 0000:00: root bus resource [mem 0x80000000-0xffdfffff window]
[    7.765658] pci_bus 0000:00: root bus resource [bus 00-ff]
[    7.848702] pci 0000:00:01.1: legacy IDE quirk: reg 0x10: [io  0x01f0-0x01f7]
[    7.903030] pci 0000:00:01.1: legacy IDE quirk: reg 0x14: [io  0x03f6]
[    7.910843] pci 0000:00:01.1: legacy IDE quirk: reg 0x18: [io  0x0170-0x0177]
[    7.971355] pci 0000:00:01.1: legacy IDE quirk: reg 0x1c: [io  0x0376]
[    8.024321] pci 0000:00:07.0: quirk: [io  0x4000-0x403f] claimed by PIIX4 ACPI
[    8.068819] pci 0000:00:07.0: quirk: [io  0x4100-0x410f] claimed by PIIX4 SMB
[    8.168888] ACPI: PCI Interrupt Link [LNKA] (IRQs 5 9 10 *11)
[    8.194661] ACPI: PCI Interrupt Link [LNKB] (IRQs 5 9 10 *11)
[    8.295616] ACPI: PCI Interrupt Link [LNKC] (IRQs 5 9 *10 11)
[    8.300026] ACPI: PCI Interrupt Link [LNKD] (IRQs 5 *9 10 11)
[    8.315542] ACPI: Enabled 2 GPEs in block 00 to 07
[    8.331229] vgaarb: setting as boot device: PCI:0000:00:02.0
[    8.376956] vgaarb: device added: PCI:0000:00:02.0,decodes=io+mem,owns=io+mem,locks=none
[    8.419951] vgaarb: loaded
[    8.467641] vgaarb: bridge control possible 0000:00:02.0
[    8.567734] SCSI subsystem initialized
[    8.625323] ACPI: bus type USB registered
[    8.636929] usbcore: registered new interface driver usbfs
[    8.716078] usbcore: registered new interface driver hub
[    8.752221] usbcore: registered new device driver usb
[    8.841819] PCI: Using ACPI for IRQ routing
[    8.857721] NetLabel: Initializing
[    8.881095] NetLabel:  domain hash size = 128
[    8.882061] NetLabel:  protocols = UNLABELED CIPSOv4
[    8.883150] NetLabel:  unlabeled traffic allowed by default
[    8.891208] amd_nb: Cannot enumerate AMD northbridges
[    8.911273] clocksource: Switched to clocksource kvm-clock
[    8.976905] AppArmor: AppArmor Filesystem Enabled
[    9.036581] pnp: PnP ACPI init
[    9.067957] pnp: PnP ACPI: found 3 devices
[    9.108420] clocksource: acpi_pm: mask: 0xffffff max_cycles: 0xffffff, max_idle_ns: 2085701024 ns
[    9.210753] NET: Registered protocol family 2
[    9.220697] TCP established hash table entries: 16384 (order: 5, 131072 bytes)
[    9.228081] TCP bind hash table entries: 16384 (order: 6, 262144 bytes)
[    9.282113] TCP: Hash tables configured (established 16384 bind 16384)
[    9.379763] UDP hash table entries: 1024 (order: 3, 32768 bytes)
[    9.396103] UDP-Lite hash table entries: 1024 (order: 3, 32768 bytes)
[    9.449625] NET: Registered protocol family 1
[    9.481495] pci 0000:00:00.0: Limiting direct PCI/PCI transfers
[    9.549420] pci 0000:00:01.0: Activating ISA DMA hang workarounds
[    9.588957] Unpacking initramfs...
[   10.119252] Freeing initrd memory: 36780K
[   10.135777] RAPL PMU detected, API unit is 2^-32 Joules, 3 fixed counters 10737418240 ms ovfl timer
[   10.158043] hw unit of domain pp0-core 2^-0 Joules
[   10.235715] hw unit of domain package 2^-0 Joules
[   10.265936] hw unit of domain pp1-gpu 2^-0 Joules
[   10.293739] platform rtc_cmos: registered platform RTC device (no PNP device found)
[   10.358448] Scanning for low memory corruption every 60 seconds
[   10.395668] audit: initializing netlink subsys (disabled)
[   10.435585] audit: type=2000 audit(1516599460.751:1): initialized
[   10.443064] Initialise system trusted keyring
[   10.480411] HugeTLB registered 2 MB page size, pre-allocated 0 pages
[   10.585424] zbud: loaded
[   10.610139] VFS: Disk quotas dquot_6.6.0
[   10.683892] VFS: Dquot-cache hash table entries: 512 (order 0, 4096 bytes)
[   10.797658] squashfs: version 4.0 (2009/01/31) Phillip Lougher
[   10.824677] fuse init (API version 7.23)
[   10.834669] Key type big_key registered
[   10.856356] Allocating IMA MOK and blacklist keyrings.
[   10.928812] Key type asymmetric registered
[   10.929845] Asymmetric key parser 'x509' registered
[   10.930989] Block layer SCSI generic (bsg) driver version 0.4 loaded (major 249)
[   10.964620] io scheduler noop registered
[   10.992374] io scheduler deadline registered (default)
[   10.993562] io scheduler cfq registered
[   11.009020] pci_hotplug: PCI Hot Plug PCI Core version: 0.5
[   11.019580] pciehp: PCI Express Hot Plug Controller Driver version: 0.4
[   11.067416] ACPI: AC Adapter [AC] (off-line)
[   11.073417] input: Power Button as /devices/LNXSYSTM:00/LNXPWRBN:00/input/input0
[   11.122337] ACPI: Power Button [PWRF]
[   11.178902] input: Sleep Button as /devices/LNXSYSTM:00/LNXSLPBN:00/input/input1
[   11.256794] ACPI: Sleep Button [SLPF]
[   11.298670] tsc: Refined TSC clocksource calibration: 2294.769 MHz
[   11.308885] clocksource: tsc: mask: 0xffffffffffffffff max_cycles: 0x2113e798dc0, max_idle_ns: 440795287568 ns
[   11.388407] ACPI: Battery Slot [BAT0] (battery present)
[   11.401760] GHES: HEST is not enabled!
[   11.417700] Serial: 8250/16550 driver, 32 ports, IRQ sharing enabled
[   11.462311] 00:02: ttyS0 at I/O 0x3f8 (irq = 4, base_baud = 115200) is a 16550A
[   11.625168] Linux agpgart interface v0.103
[   11.707941] loop: module loaded
[   11.758344] scsi host0: ata_piix
[   11.777650] scsi host1: ata_piix
[   11.801561] ata1: PATA max UDMA/33 cmd 0x1f0 ctl 0x3f6 bmdma 0xd000 irq 14
[   11.805474] ata2: PATA max UDMA/33 cmd 0x170 ctl 0x376 bmdma 0xd008 irq 15
[   11.860854] libphy: Fixed MDIO Bus: probed
[   11.888625] tun: Universal TUN/TAP device driver, 1.6
[   11.932966] tun: (C) 1999-2004 Max Krasnyansky <maxk@qualcomm.com>
[   11.934456] PPP generic driver version 2.4.2
[   11.940658] ehci_hcd: USB 2.0 'Enhanced' Host Controller (EHCI) Driver
[   12.006627] ehci-pci: EHCI PCI platform driver
[   12.016505] ehci-platform: EHCI generic platform driver
[   12.091650] ohci_hcd: USB 1.1 'Open' Host Controller (OHCI) Driver
[   12.213536] ohci-pci: OHCI PCI platform driver
[   12.240247] ohci-platform: OHCI generic platform driver
[   12.288025] uhci_hcd: USB Universal Host Controller Interface driver
[   12.306989] i8042: PNP: PS/2 Controller [PNP0303:PS2K,PNP0f03:PS2M] at 0x60,0x64 irq 1,12
[   12.318414] serio: i8042 KBD port at 0x60,0x64 irq 1
[   12.404475] serio: i8042 AUX port at 0x60,0x64 irq 12
[   12.455766] mousedev: PS/2 mouse device common for all mice
[   12.532504] input: AT Translated Set 2 keyboard as /devices/platform/i8042/serio0/input/input2
[   12.543746] rtc_cmos rtc_cmos: rtc core: registered rtc_cmos as rtc0
[   12.543810] rtc_cmos rtc_cmos: alarms up to one day, 114 bytes nvram
[   12.543819] i2c /dev entries driver
[   12.543879] device-mapper: uevent: version 1.0.3
[   12.543944] device-mapper: ioctl: 4.34.0-ioctl (2015-10-28) initialised: dm-devel@redhat.com
[   12.543961] ledtrig-cpu: registered to indicate activity on CPUs
[   12.544270] NET: Registered protocol family 10
[   12.544421] NET: Registered protocol family 17
[   12.544433] Key type dns_resolver registered
[   12.697474] microcode: CPU0 sig=0x306a9, pf=0x2, revision=0x19
[   12.697524] microcode: CPU1 sig=0x306a9, pf=0x2, revision=0x19
[   12.697599] microcode: Microcode Update Driver: v2.01 <tigran@aivazian.fsnet.co.uk>, Peter Oruba
[   12.697746] registered taskstats version 1
[   12.697764] Loading compiled-in X.509 certificates
[   12.698449] Loaded X.509 cert 'Build time autogenerated kernel key: 96e61bd247bb6c4e82ca419795a98fcb171b0e99'
[   12.698471] zswap: loaded using pool lzo/zbud
[   12.700461] Key type trusted registered
[   12.703973] Key type encrypted registered
[   12.703982] AppArmor: AppArmor sha1 policy hashing enabled
[   12.703986] ima: No TPM chip found, activating TPM-bypass!
[   12.704013] evm: HMAC attrs: 0x1
[   12.704425]   Magic number: 2:765:163
[   12.787912] rtc_cmos rtc_cmos: setting system clock to 2018-01-22 05:09:42 UTC (1516597782)
[   12.788060] BIOS EDD facility v0.16 2004-Jun-25, 0 devices found
[   12.788060] EDD information not available.
[   13.575527] Freeing unused kernel memory: 1508K
[   13.618295] Write protecting the kernel read-only data: 14336k
[   13.682565] Freeing unused kernel memory: 1744K
[   13.739142] Freeing unused kernel memory: 108K
Loading, please wait...
starting version[   13.834248] random: systemd-udevd: uninitialized urandom read (16 bytes read, 4 bits of entropy available)
 229
[   13.835004] random: udevadm: uninitialized urandom read (16 bytes read, 4 bits of entropy available)
[   13.835033] random: udevadm: uninitialized urandom read (16 bytes read, 4 bits of entropy available)
[   13.849848] random: udevadm: uninitialized urandom read (16 bytes read, 4 bits of entropy available)
[   13.849913] random: udevadm: uninitialized urandom read (16 bytes read, 4 bits of entropy available)
[   13.850157] random: udevadm: uninitialized urandom read (16 bytes read, 4 bits of entropy available)
[   13.850246] random: udevadm: uninitialized urandom read (16 bytes read, 4 bits of entropy available)
[   13.850330] random: udevadm: uninitialized urandom read (16 bytes read, 4 bits of entropy available)
[   13.850413] random: udevadm: uninitialized urandom read (16 bytes read, 4 bits of entropy available)
[   13.850499] random: udevadm: uninitialized urandom read (16 bytes read, 4 bits of entropy available)
[   15.925972] FUJITSU Extended Socket Network Device Driver - version 1.0 - Copyright (c) 2015 FUJITSU LIMITED
[   16.012189] ACPI: Video Device [GFX0] (multi-head: yes  rom: no  post: no)
[   16.048818] input: Video Bus as /devices/LNXSYSTM:00/LNXSYBUS:00/PNP0A03:00/LNXVIDEO:00/input/input4
[   16.071979] e1000: Intel(R) PRO/1000 Network Driver - version 7.3.21-k8-NAPI
[   16.087062] e1000: Copyright (c) 1999-2006 Intel Corporation.
[   16.123243] Fusion MPT base driver 3.04.20
[   16.130547] Copyright (c) 1999-2008 LSI Corporation
[   16.159001] Fusion MPT SPI Host driver 3.04.20
[   16.218126] AVX version of gcm_enc/dec engaged.
[   16.259240] AES CTR mode by8 optimization enabled
[   16.323183] input: ImExPS/2 Generic Explorer Mouse as /devices/platform/i8042/serio1/input/input5
[   16.552909] e1000 0000:00:03.0 eth0: (PCI:33MHz:32-bit) 02:38:07:4c:82:85
[   16.566412] e1000 0000:00:03.0 eth0: Intel(R) PRO/1000 Network Connection
[   16.573407] mptbase: ioc0: Initiating bringup
[   16.637635] ioc0: LSI53C1030 A0: Capabilities={Initiator}
[   16.840795] scsi host2: ioc0: LSI53C1030 A0, FwRev=00000000h, Ports=1, MaxQ=256, IRQ=20
[   17.004331] scsi 2:0:0:0: Direct-Access     VBOX     HARDDISK         1.0  PQ: 0 ANSI: 5
[   17.080774] scsi target2:0:0: Beginning Domain Validation
[   17.173896] scsi target2:0:0: Domain Validation skipping write tests
[   17.316412] scsi target2:0:0: Ending Domain Validation
[   17.354591] scsi target2:0:0: asynchronous
[   17.357344] scsi 2:0:1:0: Direct-Access     VBOX     HARDDISK         1.0  PQ: 0 ANSI: 5
[   17.381196] e1000 0000:00:08.0 eth1: (PCI:33MHz:32-bit) 08:00:27:b0:e4:6b
[   17.381199] e1000 0000:00:08.0 eth1: Intel(R) PRO/1000 Network Connection
[   17.730235] e1000 0000:00:08.0 enp0s8: renamed from eth1
[   17.740110] scsi target2:0:1: Beginning Domain Validation
[   17.741343] scsi target2:0:1: Domain Validation skipping write tests
[   17.741343] scsi target2:0:1: Ending Domain Validation
[   17.741390] scsi target2:0:1: asynchronous
[   17.877585] sd 2:0:0:0: [sda] 20971520 512-byte logical blocks: (10.7 GB/10.0 GiB)
[   17.877910] sd 2:0:0:0: [sda] Write Protect is off
[   17.878059] sd 2:0:0:0: [sda] Incomplete mode parameter data
[   17.878060] sd 2:0:0:0: [sda] Assuming drive cache: write through
[   18.063859] sd 2:0:0:0: Attached scsi generic sg0 type 0
[   18.064801] sd 2:0:1:0: Attached scsi generic sg1 type 0
[   18.065203] sd 2:0:1:0: [sdb] 20480 512-byte logical blocks: (10.5 MB/10.0 MiB)
[   18.065377] sd 2:0:1:0: [sdb] Write Protect is off
[   18.065456] sd 2:0:1:0: [sdb] Incomplete mode parameter data
[   18.065457] sd 2:0:1:0: [sdb] Assuming drive cache: write through
[   18.067342]  sda: sda1
[   18.068074] sd 2:0:0:0: [sda] Attached SCSI disk
[   18.069052] sd 2:0:1:0: [sdb] Attached SCSI disk
[   19.095924] floppy0: no floppy controllers found
[   19.548288] e1000 0000:00:03.0 enp0s3: renamed from eth0
Begin: Loading e[   21.017433] md: linear personality registered for level -1
ssential drivers ... [   21.102245] md: multipath personality registered for level -4
[   21.136560] md: raid0 personality registered for level 0
[   21.180940] md: raid1 personality registered for level 1
[   21.463523] raid6: sse2x1   gen()  7800 MB/s
[   21.624083] raid6: sse2x1   xor()  6496 MB/s
[   21.731324] raid6: sse2x2   gen() 10201 MB/s
[   21.839410] raid6: sse2x2   xor()  6441 MB/s
[   22.096702] raid6: sse2x4   gen() 12089 MB/s
[   22.355620] raid6: sse2x4   xor()  9021 MB/s
[   22.486854] raid6: using algorithm sse2x4 gen() 12089 MB/s
[   22.649908] raid6: .... xor() 9021 MB/s, rmw enabled
[   22.897455] raid6: using ssse3x2 recovery algorithm
[   23.109636] xor: automatically using best checksumming function:
[   23.227357]    avx       : 18776.000 MB/sec
[   23.241305] async_tx: api initialized (async)
[   23.337723] md: raid6 personality registered for level 6
[   23.437236] md: raid5 personality registered for level 5
[   23.642934] md: raid4 personality registered for level 4
[   23.703708] md: raid10 personality registered for level 10
done.
Begin: Running /scripts/init-premount ... done.
Begin: Mounting root file system ... Begin: Running /scripts/local-top ... done.
Begin: Running /scripts/local-premount ... [   23.977983] Btrfs loaded
Scanning for Btrfs filesystems
done.
Warning: fsck no[   24.046420] EXT4-fs (sda1): mounted filesystem with ordered data mode. Opts: (null)
t present, so skipping root file system
done.
Begin: Running /scripts/local-bottom ... done.
Begin: Running /scripts/init-bottom ... done.
[   24.269568] systemd[1]: systemd 229 running in system mode. (+PAM +AUDIT +SELINUX +IMA +APPARMOR +SMACK +SYSVINIT +UTMP +LIBCRYPTSETUP +GCRYPT +GNUTLS +ACL +XZ -LZ4 +SECCOMP +BLKID +ELFUTILS +KMOD -IDN)
[   24.452936] systemd[1]: Detected virtualization oracle.
[   24.537422] systemd[1]: Detected architecture x86-64.

Welcome to [1mUbuntu 16.04.3 LTS[0m!

[   24.584770] systemd[1]: Set hostname to <ubuntu-xenial>.
[   24.898843] systemd[1]: Listening on udev Kernel Socket.
[[0;32m  OK  [0m] Listening on udev Kernel Socket.
[   25.044071] systemd[1]: Listening on LVM2 metadata daemon socket.
[[0;32m  OK  [0m] Listening on LVM2 metadata daemon socket.
[   25.087623] systemd[1]: Set up automount Arbitrary Executable File Formats File System Automount Point.
[[0;32m  OK  [0m] Set up automount Arbitrary Executab...ats File System Automount Point.
[   25.115898] systemd[1]: Listening on Device-mapper event daemon FIFOs.
[[0;32m  OK  [0m] Listening on Device-mapper event daemon FIFOs.
[   25.207761] systemd[1]: Listening on LVM2 poll daemon socket.
[[0;32m  OK  [0m] Listening on LVM2 poll daemon socket.
[   25.367797] systemd[1]: Listening on Syslog Socket.
[[0;32m  OK  [0m] Listening on Syslog Socket.
[   25.416442] systemd[1]: Started Forward Password Requests to Wall Directory Watch.
[[0;32m  OK  [0m] Started Forward Password Requests to Wall Directory Watch.
[   25.518399] systemd[1]: Reached target Encrypted Volumes.
[[0;32m  OK  [0m] Reached target Encrypted Volumes.
[   25.682910] systemd[1]: Listening on Journal Socket.
[[0;32m  OK  [0m] Listening on Journal Socket.
[   25.742418] systemd[1]: Started Trigger resolvconf update for networkd DNS.
[[0;32m  OK  [0m] Started Trigger resolvconf update for networkd DNS.
[   25.920315] systemd[1]: Created slice System Slice.
[[0;32m  OK  [0m] Created slice System Slice.
[   25.984522] systemd[1]: Created slice system-postgresql.slice.
[[0;32m  OK  [0m] Created slice system-postgresql.slice.
[   26.087619] systemd[1]: Starting Remount Root and Kernel File Systems...
         Starting Remount Root and Kernel File Systems...
[   26.104802] systemd[1]: Starting Monitoring of LVM2 mirrors, snapshots etc. using dmeventd or progress polling...
         Starting Monitor[   26.161577] EXT4-fs (sda1): re-mounted. Opts: (null)
ing of LVM2 mirr[   26.297501] random: nonblocking pool is initialized
ors... dmeventd or progress polling...
[   26.344341] systemd[1]: Starting Create list of required static device nodes for the current kernel...
         Starting Create list of required st... nodes for the current kernel...
[   26.539716] systemd[1]: Reached target User and Group Name Lookups.
[[0;32m  OK  [0m] Reached target User and Group Name Lookups.
[   26.603682] systemd[1]: Mounting POSIX Message Queue File System...
         Mounting POSIX Message Queue File System...
[   26.783886] systemd[1]: Starting Set console keymap...
         Starting Set console keymap...
[   26.823756] systemd[1]: Listening on Journal Socket (/dev/log).
[[0;32m  OK  [0m] Listening on Journal Socket (/dev/log).
[   26.915779] systemd[1]: Listening on /dev/initctl Compatibility Named Pipe.
[[0;32m  OK  [0m] Listening on /dev/initctl Compatibility Named Pipe.
[   26.964278] systemd[1]: Created slice system-serial\x2dgetty.slice.
[[0;32m  OK  [0m] Created slice system-serial\x2dgetty.slice.
[   27.067713] systemd[1]: Starting Nameserver information manager...
         Starting Nameserver information manager...
[   27.180509] systemd[1]: Created slice User and Session Slice.
[[0;32m  OK  [0m] Created slice User and Session Slice.
[   27.256037] systemd[1]: Listening on udev Control Socket.
[[0;32m  OK  [0m] Listening on udev Control Socket.
[   27.327741] systemd[1]: Starting Load Kernel Modules...
         Starting Load Ke[   27.382117] Loading iSCSI transport class v2.0-870.
rnel Modules...
[   27.405422] systemd[1]: Reached target Slices.
[   27.405529] iscsi: registered transport (tcp)
[[0;32m  OK  [0m] Reached target Slices.
[   27.499737] systemd[1]: Reached target Swap.
[[0;32m  OK  [0[   27.525637] iscsi: registered transport (iser)
m] Reached target Swap.
[   27.551862] systemd[1]: Listening on Journal Audit Socket.
[[0;32m  OK  [0m] Listening on Journal Audit Socket.
[   27.631624] systemd[1]: Starting Journal Service...
         Starting Journal Service...
[   27.685031] systemd[1]: Starting Uncomplicated firewall...
         Starting Uncomplicated firewall...
[   27.731863] systemd[1]: Mounting Huge Pages File System...
         Mounting Huge Pages File System...
[   27.815724] systemd[1]: Mounting Debug File System...
         Mounting Debug File System...
[   27.903519] systemd[1]: Mounted POSIX Message Queue File System.
[[0;32m  OK  [0m] Mounted POSIX Message Queue File System.
[   27.960435] systemd[1]: Mounted Huge Pages File System.
[[0;32m  OK  [0m] Mounted Huge Pages File System.
[   28.119790] systemd[1]: Mounted Debug File System.
[[0;32m  OK  [0m] Mounted Debug File System.
[   28.232020] systemd[1]: Started Journal Service.
[[0;32m  OK  [0m] Started Journal Service.
[[0;32m  OK  [0m] Started Remount Root and Kernel File Systems.
[[0;32m  OK  [0m] Started Create list of required sta...ce nodes for the current kernel.
[[0;32m  OK  [0m] Started Set console keymap.
[[0;32m  OK  [0m] Started Load Kernel Modules.
[[0;32m  OK  [0m] Started Uncomplicated firewall.
[[0;32m  OK  [0m] Started Nameserver information manager.
[[0;32m  OK  [0m] Started LVM2 metadata daemon.
         Mounting FUSE Control File System...
         Starting Apply Kernel Variables...
         Starting Create Static Device Nodes in /dev...
         Starting Load/Save Random Seed...
         Starting Initial cloud-init job (pre-networking)...
         Starting udev Coldplug all Devices...
         Starting Flush Journal to Persistent Storage...
[[0;32m  OK  [0m] Mounted FUSE Control File System.
[[0;32m  OK  [0m] Started Apply Kernel Variables.
[[0;32m  OK  [0m] Started Create Static Device Nodes in /dev.
[[0;32m  OK  [0m] Started Load/Save Random Seed.
[[0;32m  OK  [0m] Started Flush Journal to Persistent Storage.
[[0;32m  OK  [0m] Started udev Coldplug all Devices.
         Starting udev Kernel Device Manager...
[[0;32m  OK  [0m] Started Monitoring of LVM2 mirrors,...ng dmeventd or progress polling.
[[0;32m  OK  [0m] Started udev Kernel Device Manager.
[[0;32m  OK  [0m] Started Dispatch Password Requests to Console Directory Watch.
[[0;32m  OK  [0m] Reached target Local File Systems (Pre).
[[0;32m  OK  [0m] Reached target Local File Systems.
         Starting Set console font and keymap...
         Starting Create Volatile Files and Directories...
         Starting Tell Plymouth To Write Out Runtime Data...
         Starting LSB: AppArmor initialization...
[   29.425241] intel_rapl: no valid rapl domains found in package 0
[[0;32m  OK  [0m] Started Create Volatile Files and Directories.
[[0;32m  OK  [0m] Started Tell Plymouth To Write Out Runtime Data.
[[0;32m  OK  [0m] Found device /dev/ttyS0.
[[0;32m  OK  [0m] Reached target System Time Synchronized.
         Starting Update UTMP about System Boot/Shutdown...
[[0;32m  OK  [0m] Started LSB: AppArmor initialization.
[[0;32m  OK  [0m] Started Set console font and keymap.
[   22.452368] cloud-init[456]: Cloud-init v. 17.1 running 'init-local' at Mon, 22 Jan 2018 05:09:59 +0000. Up 21.39 seconds
[[0;32m  OK  [0m] Started Update UTMP about System Boot/Shutdown.
[[0;32m  OK  [0m] Started Initial cloud-init job (pre-networking).
[[0;32m  OK  [0m] Reached target Network (Pre).
[[0;32m  OK  [0m] Started ifup for enp0s3.
[[0;32m  OK  [0m] Started ifup for enp0s8.
[[0;32m  OK  [0m] Listening on Load/Save RF Kill Switch Status /dev/rfkill Watch.
[[0;32m  OK  [0m] Created slice system-getty.slice.
         Starting Raise network interfaces...
[[0;32m  OK  [0m] Reached target Sound Card.
[[0;32m  OK  [0m] Started Raise network interfaces.
[[0;32m  OK  [0m] Reached target Network.
         Starting Initial cloud-init job (metadata service crawler)...
[   25.527347] cloud-init[1040]: Cloud-init v. 17.1 running 'init' at Mon, 22 Jan 2018 05:10:03 +0000. Up 25.16 seconds.
[   25.596786] [cloud-init[0;32m  OK  [0m[1040]: ] ci-info: ++++++++++++++++++++++++++++++++++++++Net device info++++++++++++++++++++++++++++++++++++++Started Initial cloud-init job (metadata service crawler).

[   25.597418] cloud-init[1040]: ci-info: +--------+------+-----------------------------+---------------+-------+-------------------+
[   25.752815] [cloud-init[0;32m  OK  [0m[1040]: ] ci-info: | Device |  Up  |           Address           |      Mask     | Scope |     Hw-Address    |Reached target Cloud-config availability.

[   25.852482] [cloud-init[0;32m  OK  [0m[1040]: ] ci-info: +--------+------+-----------------------------+---------------+-------+-------------------+Reached target System Initialization.

[   25.877120] [cloud-init[0;32m  OK  [0m[1040]: ] ci-info: | enp0s3 | True |          10.0.2.15          | 255.255.255.0 |   .   | 02:38:07:4c:82:85 |Listening on D-Bus System Message Bus Socket.

[   25.945509] [cloud-init[0;32m  OK  [0m[1040]: ] ci-info: | enp0s3 | True |  fe80::38:7ff:fe4c:8285/64  |       .       |  link | 02:38:07:4c:82:85 |Started Timer to automatically refresh installed snaps.

[   26.061211] [cloud-init[0;32m  OK  [0m[1040]: ] ci-info: | enp0s8 | True |        192.168.33.10        | 255.255.255.0 |   .   | 08:00:27:b0:e4:6b |Started ACPI Events Check.

[   26.181082] [cloud-init[0;32m  OK  [0m[1040]: ] ci-info: | enp0s8 | True | fe80::a00:27ff:feb0:e46b/64 |       .       |  link | 08:00:27:b0:e4:6b |Reached target Paths.

[   26.272627] [cloud-init[0;32m  OK  [0m[1040]: ] ci-info: |   lo   | True |          127.0.0.1          |   255.0.0.0   |   .   |         .         |Listening on ACPID Listen Socket.

[   26.364681]          cloud-initStarting LXD - unix socket.[1040]: 
ci-info: |   lo   | True |           ::1/128           |       .       |  host |         .         |
[   26.428721] [cloud-init[0;32m  OK  [0m[1040]: ] ci-info: +--------+------+-----------------------------+---------------+-------+-------------------+Started Daily Cleanup of Temporary Directories.

         Starting Docker Socket for the API.
[   26.527145]          cloud-initStarting Socket activation for snappy daemon.[1040]: 
ci-info: ++++++++++++++++++++++++++++Route IPv4 info++++++++++++++++++++++++++++
[   26.615842] [[0;32m  OK  [0m] Listening on UUID daemon activation socket.
cloud-init[1040]: ci-info: +-------+--------------+----------+---------------+-----------+-------+
[   26.712959] [cloud-init[0;32m  OK  [0m[1040]: ] ci-info: | Route | Destination  | Gateway  |    Genmask    | Interface | Flags |Reached target Network is Online.

[   26.792549] [cloud-init[0;32m  OK  [0m[1040]: ] ci-info: +-------+--------------+----------+---------------+-----------+-------+Started Daily apt download activities.

[[0;32m  OK  [0m] Started Daily apt upgrade and clean activities.
[[0;32m  OK  [0m] Reached target Timers.
[   26.793199] cloud-init[1040]: ci-info: |   0   |   0.0.0.0    | 10.0.2.2 |    0.0.0.0    |   enp0s3  |   UG  |
[   26.889415]          cloud-initStarting iSCSI initiator daemon (iscsid)...[1040]: 
ci-info: |   1   |   10.0.2.0   | 0.0.0.0  | 255.255.255.0 |   enp0s3  |   U   |
[   26.960809] [cloud-init[0;32m  OK  [0m[1040]: ] ci-info: |   2   | 192.168.33.0 | 0.0.0.0  | 255.255.255.0 |   enp0s8  |   U   |Listening on LXD - unix socket.

[   27.041060] [cloud-init[0;32m  OK  [0m[1040]: ] ci-info: +-------+--------------+----------+---------------+-----------+-------+Listening on Docker Socket for the API.

[[0;32m  OK  [0m] Listening on Socket activation for snappy daemon.
[[0;32m  OK  [0m] Started iSCSI initiator daemon (iscsid).
         Starting Login to default iSCSI targets...
[[0;32m  OK  [0m] Reached target Sockets.
[[0;32m  OK  [0m] Reached target Basic System.
         Starting /etc/rc.local Compatibility...
[[0;32m  OK  [0m] Started Deferred execution scheduler.
         Starting Accounts Service...
[[0;32m  OK  [0m] Started Unattended Upgrades Shutdown.
         Starting LSB: MD monitoring daemon...
         Starting PostgreSQL Cluster 9.3-main...
[[0;32m  OK  [0m] Started D-Bus System Message Bus.
         Starting LSB: Record successful boot for GRUB...
[[0;32m  OK  [0m] Started FUSE filesystem for LXC.
         Starting LXD - container startup/shutdown...
         Starting Login Service...
[[0;32m  OK  [0m] Started ACPI event daemon.
         Starting OpenBSD Secure Shell server...
         Starting Thermal Daemon Service...
         Starting Docker Application Container Engine...
[[0;32m  OK  [0m] Started Regular background program processing daemon.
         Starting Apply the settings specified in cloud-config...
         Starting Snappy daemon...
         Starting System Logging Service...
[[0;32m  OK  [0m] Started OpenBSD Secure Shell server.
[[0;32m  OK  [0m] Started /etc/rc.local Compatibility.
[[0;32m  OK  [0m] Started LXD - container startup/shutdown.
[[0;32m  OK  [0m] Started Thermal Daemon Service.
[[0;32m  OK  [0m] Started System Logging Service.
[[0;32m  OK  [0m] Started LSB: MD monitoring daemon.
[[0;32m  OK  [0m] Started LSB: Record successful boot for GRUB.
[[0;32m  OK  [0m] Started Login to default iSCSI targets.
[[0;32m  OK  [0m] Started Snappy daemon.
         Starting Authenticate and Authorize Users to Run Privileged Tasks...
[[0;32m  OK  [0m] Reached target Remote File Systems (Pre).
[[0;32m  OK  [0m] Reached target Remote File Systems.
         Starting Permit User Sessions...
         Starting LSB: automatic crash report generation...
         Starting LSB: daemon to balance interrupts for SMP systems...
         Starting LSB: Set up cgroupfs mounts....
         Starting LSB: VirtualBox Linux Additions...
         Starting LSB: Start/stop sysstat's sadc...
         Starting LSB: Set the CPU Frequency Scaling governor to "ondemand"...
[   28.342970] cloud-init[1153]: Cloud-init v. 17.1 running 'modules:config' at Mon, 22 Jan 2018 05:10:06 +0000. Up 28.17 seconds.
[[0;32m  OK  [0m] Started Permit User Sessions.
[[0;32m  OK  [0m] Started LSB: Set up cgroupfs mounts..
[[0;32m  OK  [0m] Started Apply the settings specified in cloud-config.
[[0;32m  OK  [0m] Started Login Service.
[[0;32m  OK  [0m] Started Authenticate and Authorize Users to Run Privileged Tasks.
[[0;32m  OK  [0m] Started Accounts Service.
         Starting Hold until boot process finishes up...
         Starting Terminate Plymouth Boot Screen...
[[0;32m  OK  [0m] Started LSB: automatic crash report generation.
[[0;32m  OK  [0m] Started LSB: daemon to balance interrupts for SMP systems.
[[0;32m  OK  [0m] Started LSB: VirtualBox Linux Additions.
[[0;32m  OK  [0m] Started LSB: Start/stop sysstat's sadc.
[[0;32m  OK  [0m] Started Hold until boot process finishes up.
[[0;32m  OK  [0m] Started Terminate Plymouth Boot Screen.
[[0;32m  OK  [0m] Started LSB: Set the CPU Frequency Scaling governor to "ondemand".
[[0;32m  OK  [0m] Started Serial Getty on ttyS0.
         Starting Set console scheme...
[[0;32m  OK  [0m] Started Getty on tty1.
[[0;32m  OK  [0m] Reached target Login Prompts.
[[0;32m  OK  [0m] Started Docker Application Container Engine.
[[0;32m  OK  [0m] Started Set console scheme.
[[0;32m  OK  [0m] Started PostgreSQL Cluster 9.3-main.
         Starting PostgreSQL RDBMS...
[[0;32m  OK  [0m] Started PostgreSQL RDBMS.
[[0;32m  OK  [0m] Reached target Multi-User System.
         Starting Execute cloud user/final scripts...
[[0;32m  OK  [0m] Reached target Graphical Interface.
         Starting Update UTMP about System Runlevel Changes...
[[0;32m  OK  [0m] Started Update UTMP about System Runlevel Changes.
[   30.442097] cloud-init[1476]: Cloud-init v. 17.1 running 'modules:final' at Mon, 22 Jan 2018 05:10:08 +0000. Up 30.29 seconds.
[   30.521003] cloud-init[1476]: Cloud-init v. 17.1 finished at Mon, 22 Jan 2018 05:10:08 +0000. Datasource DataSourceNoCloud [seed=/dev/sdb][dsmode=net].  Up 30.43 seconds
[[0;32m  OK  [0m] Started Execute cloud user/final scripts.
[[0;32m  OK  [0m] Reached target Cloud-init target.

Ubuntu 16.04.3 LTS ubuntu-xenial ttyS0

ubuntu-xenial login: 